07-07 15:19:14.751  3380  3385 I artd    : unable to open vdex file /data/dalvik-cache/x86_64/data@user_de@0@com.google.android.gms@app_chimera@m@0000000a@dl-TfliteDynamiteDynamite.integ_260580502100800.apk@classes.vdex: File /data/dalvik-cache/x86_64/data@user_de@0@com.google.android.gms@app_chimera@m@0000000a@dl-TfliteDynamiteDynamite.integ_260580502100800.apk@classes.vdex does not exist.
07-07 15:19:14.751  3380  3385 I artd    : OatFileAssistant test for existing oat file /data/dalvik-cache/x86_64/data@user_de@0@com.google.android.gms@app_chimera@m@0000000a@dl-TfliteDynamiteDynamite.integ_260580502100800.apk@classes.vdex: File /data/dalvik-cache/x86_64/data@user_de@0@com.google.android.gms@app_chimera@m@0000000a@dl-TfliteDynamiteDynamite.integ_260580502100800.apk@classes.vdex does not exist.
07-07 15:19:14.751  3380  3385 I artd    : GetBestInfo checking vdex next to the dex file (/data/user_de/0/com.google.android.gms/app_chimera/m/0000000a/oat/x86_64/dl-TfliteDynamiteDynamite.integ_260580502100800.vdex)
07-07 15:19:14.751  3380  3385 I artd    : unable to open vdex file /data/user_de/0/com.google.android.gms/app_chimera/m/0000000a/oat/x86_64/dl-TfliteDynamiteDynamite.integ_260580502100800.vdex: File /data/user_de/0/com.google.android.gms/app_chimera/m/0000000a/oat/x86_64/dl-TfliteDynamiteDynamite.integ_260580502100800.vdex does not exist.
07-07 15:19:14.751  3380  3385 I artd    : OatFileAssistant test for existing oat file /data/user_de/0/com.google.android.gms/app_chimera/m/0000000a/oat/x86_64/dl-TfliteDynamiteDynamite.integ_260580502100800.vdex: File /data/user_de/0/com.google.android.gms/app_chimera/m/0000000a/oat/x86_64/dl-TfliteDynamiteDynamite.integ_260580502100800.vdex does not exist.
07-07 15:19:14.751  3380  3385 I artd    : GetBestInfo checking dm (/data/user_de/0/com.google.android.gms/app_chimera/m/0000000a/dl-TfliteDynamiteDynamite.integ_260580502100800.dm)
07-07 15:19:14.751  3380  3385 W ziparchive: Unable to open '/data/user_de/0/com.google.android.gms/app_chimera/m/0000000a/dl-TfliteDynamiteDynamite.integ_260580502100800.dm': No such file or directory
07-07 15:19:14.751  3380  3385 I artd    : OatFileAssistant test for existing oat file /data/user_de/0/com.google.android.gms/app_chimera/m/0000000a/dl-TfliteDynamiteDynamite.integ_260580502100800.dm: I/O error
07-07 15:19:14.751  3380  3385 I artd    : GetBestInfo checking dm (/data/user_de/0/com.google.android.gms/app_chimera/m/0000000a/dl-TfliteDynamiteDynamite.integ_260580502100800.dm)
07-07 15:19:14.751  3380  3385 W ziparchive: Unable to open '/data/user_de/0/com.google.android.gms/app_chimera/m/0000000a/dl-TfliteDynamiteDynamite.integ_260580502100800.dm': No such file or directory
07-07 15:19:14.751  3380  3385 I artd    : OatFileAssistant test for existing oat file /data/user_de/0/com.google.android.gms/app_chimera/m/0000000a/dl-TfliteDynamiteDynamite.integ_260580502100800.dm: I/O error
07-07 15:19:14.751  3380  3385 I artd    : GetBestInfo no usable artifacts
07-07 15:19:14.752  3380  3385 I artd    : Dex parent of /data/user_de/0/com.google.android.gms/app_chimera/m/00000001/CronetDynamite.uncompressed.apk is not writable: No such file or directory
07-07 15:19:14.752  3380  3385 I artd    : GetBestInfo checking odex in dalvik-cache (/data/dalvik-cache/x86_64/data@user_de@0@com.google.android.gms@app_chimera@m@00000001@CronetDynamite.uncompressed.apk@classes.dex)
07-07 15:19:14.752  3380  3385 I artd    : Loading /data/dalvik-cache/x86_64/data@user_de@0@com.google.android.gms@app_chimera@m@00000001@CronetDynamite.uncompressed.apk@classes.dex with executable: 0
07-07 15:19:14.752  3380  3385 I artd    : OatFileAssistant test for existing oat file /data/dalvik-cache/x86_64/data@user_de@0@com.google.android.gms@app_chimera@m@00000001@CronetDynamite.uncompressed.apk@classes.dex: File /data/dalvik-cache/x86_64/data@user_de@0@com.google.android.gms@app_chimera@m@00000001@CronetDynamite.uncompressed.apk@classes.vdex does not exist.
07-07 15:19:14.752  3380  3385 I artd    : GetBestInfo checking odex next to the dex file (/data/user_de/0/com.google.android.gms/app_chimera/m/00000001/oat/x86_64/CronetDynamite.uncompressed.odex)
07-07 15:19:14.752  3380  3385 I artd    : Loading /data/user_de/0/com.google.android.gms/app_chimera/m/00000001/oat/x86_64/CronetDynamite.uncompressed.odex with executable: 0
07-07 15:19:14.752  3380  3385 I artd    : OatFileAssistant test for existing oat file /data/user_de/0/com.google.android.gms/app_chimera/m/00000001/oat/x86_64/CronetDynamite.uncompressed.odex: File /data/user_de/0/com.google.android.gms/app_chimera/m/00000001/oat/x86_64/CronetDynamite.uncompressed.vdex does not exist.
07-07 15:19:14.752  3380  3385 I artd    : GetBestInfo checking vdex in dalvik-cache (/data/dalvik-cache/x86_64/data@user_de@0@com.google.android.gms@app_chimera@m@00000001@CronetDynamite.uncompressed.apk@classes.vdex)
07-07 15:19:14.752  3380  3385 I artd    : unable to open vdex file /data/dalvik-cache/x86_64/data@user_de@0@com.google.android.gms@app_chimera@m@00000001@CronetDynamite.uncompressed.apk@classes.vdex: File /data/dalvik-cache/x86_64/data@user_de@0@com.google.android.gms@app_chimera@m@00000001@CronetDynamite.uncompressed.apk@classes.vdex does not exist.
07-07 15:19:14.752  3380  3385 I artd    : OatFileAssistant test for existing oat file /data/dalvik-cache/x86_64/data@user_de@0@com.google.android.gms@app_chimera@m@00000001@CronetDynamite.uncompressed.apk@classes.vdex: File /data/dalvik-cache/x86_64/data@user_de@0@com.google.android.gms@app_chimera@m@00000001@CronetDynamite.uncompressed.apk@classes.vdex does not exist.
07-07 15:19:14.752  3380  3385 I artd    : GetBestInfo checking vdex next to the dex file (/data/user_de/0/com.google.android.gms/app_chimera/m/00000001/oat/x86_64/CronetDynamite.uncompressed.vdex)
07-07 15:19:14.752  3380  3385 I artd    : unable to open vdex file /data/user_de/0/com.google.android.gms/app_chimera/m/00000001/oat/x86_64/CronetDynamite.uncompressed.vdex: File /data/user_de/0/com.google.android.gms/app_chimera/m/00000001/oat/x86_64/CronetDynamite.uncompressed.vdex does not exist.
07-07 15:19:14.752  3380  3385 I artd    : OatFileAssistant test for existing oat file /data/user_de/0/com.google.android.gms/app_chimera/m/00000001/oat/x86_64/CronetDynamite.uncompressed.vdex: File /data/user_de/0/com.google.android.gms/app_chimera/m/00000001/oat/x86_64/CronetDynamite.uncompressed.vdex does not exist.
07-07 15:19:14.752  3380  3385 I artd    : GetBestInfo checking dm (/data/user_de/0/com.google.android.gms/app_chimera/m/00000001/CronetDynamite.uncompressed.dm)
07-07 15:19:14.752  3380  3385 W ziparchive: Unable to open '/data/user_de/0/com.google.android.gms/app_chimera/m/00000001/CronetDynamite.uncompressed.dm': No such file or directory
07-07 15:19:14.752  3380  3385 I artd    : OatFileAssistant test for existing oat file /data/user_de/0/com.google.android.gms/app_chimera/m/00000001/CronetDynamite.uncompressed.dm: I/O error
07-07 15:19:14.752  3380  3385 I artd    : GetBestInfo checking dm (/data/user_de/0/com.google.android.gms/app_chimera/m/00000001/CronetDynamite.uncompressed.dm)
07-07 15:19:14.752  3380  3385 W ziparchive: Unable to open '/data/user_de/0/com.google.android.gms/app_chimera/m/00000001/CronetDynamite.uncompressed.dm': No such file or directory
07-07 15:19:14.752  3380  3385 I artd    : OatFileAssistant test for existing oat file /data/user_de/0/com.google.android.gms/app_chimera/m/00000001/CronetDynamite.uncompressed.dm: I/O error
07-07 15:19:14.752  3380  3385 I artd    : GetBestInfo no usable artifacts
07-07 15:19:14.759  3380  3385 I artd    : Dex parent of /data/user_de/0/com.google.android.gms/app_chimera/m/00000012/dl-IdentityCredentialsPlatform.optional_262434100800.apk is not writable: Permission denied
07-07 15:19:14.759  3380  3385 I artd    : GetBestInfo checking odex in dalvik-cache (/data/dalvik-cache/x86_64/data@user_de@0@com.google.android.gms@app_chimera@m@00000012@dl-IdentityCredentialsPlatform.optional_262434100800.apk@classes.dex)
07-07 15:19:14.759  3380  3385 I artd    : Loading /data/dalvik-cache/x86_64/data@user_de@0@com.google.android.gms@app_chimera@m@00000012@dl-IdentityCredentialsPlatform.optional_262434100800.apk@classes.dex with executable: 0
07-07 15:19:14.759  3380  3385 I artd    : OatFileAssistant test for existing oat file /data/dalvik-cache/x86_64/data@user_de@0@com.google.android.gms@app_chimera@m@00000012@dl-IdentityCredentialsPlatform.optional_262434100800.apk@classes.dex: File /data/dalvik-cache/x86_64/data@user_de@0@com.google.android.gms@app_chimera@m@00000012@dl-IdentityCredentialsPlatform.optional_262434100800.apk@classes.vdex does not exist.
07-07 15:19:14.759  3380  3385 I artd    : GetBestInfo checking odex next to the dex file (/data/user_de/0/com.google.android.gms/app_chimera/m/00000012/oat/x86_64/dl-IdentityCredentialsPlatform.optional_262434100800.odex)
07-07 15:19:14.759  3380  3385 I artd    : Loading /data/user_de/0/com.google.android.gms/app_chimera/m/00000012/oat/x86_64/dl-IdentityCredentialsPlatform.optional_262434100800.odex with executable: 0
07-07 15:19:14.759  3380  3385 I artd    : OatFileAssistant test for existing oat file /data/user_de/0/com.google.android.gms/app_chimera/m/00000012/oat/x86_64/dl-IdentityCredentialsPlatform.optional_262434100800.odex: File /data/user_de/0/com.google.android.gms/app_chimera/m/00000012/oat/x86_64/dl-IdentityCredentialsPlatform.optional_262434100800.vdex does not exist.
07-07 15:19:14.759  3380  3385 I artd    : GetBestInfo checking vdex in dalvik-cache (/data/dalvik-cache/x86_64/data@user_de@0@com.google.android.gms@app_chimera@m@00000012@dl-IdentityCredentialsPlatform.optional_262434100800.apk@classes.vdex)
07-07 15:19:14.759  3380  3385 I artd    : unable to open vdex file /data/dalvik-cache/x86_64/data@user_de@0@com.google.android.gms@app_chimera@m@00000012@dl-IdentityCredentialsPlatform.optional_262434100800.apk@classes.vdex: File /data/dalvik-cache/x86_64/data@user_de@0@com.google.android.gms@app_chimera@m@00000012@dl-IdentityCredentialsPlatform.optional_262434100800.apk@classes.vdex does not exist.
07-07 15:19:14.759  3380  3385 I artd    : OatFileAssistant test for existing oat file /data/dalvik-cache/x86_64/data@user_de@0@com.google.android.gms@app_chimera@m@00000012@dl-IdentityCredentialsPlatform.optional_262434100800.apk@classes.vdex: File /data/dalvik-cache/x86_64/data@user_de@0@com.google.android.gms@app_chimera@m@00000012@dl-IdentityCredentialsPlatform.optional_262434100800.apk@classes.vdex does not exist.
07-07 15:19:14.759  3380  3385 I artd    : GetBestInfo checking vdex next to the dex file (/data/user_de/0/com.google.android.gms/app_chimera/m/00000012/oat/x86_64/dl-IdentityCredentialsPlatform.optional_262434100800.vdex)
07-07 15:19:14.759  3380  3385 I artd    : unable to open vdex file /data/user_de/0/com.google.android.gms/app_chimera/m/00000012/oat/x86_64/dl-IdentityCredentialsPlatform.optional_262434100800.vdex: File /data/user_de/0/com.google.android.gms/app_chimera/m/00000012/oat/x86_64/dl-IdentityCredentialsPlatform.optional_262434100800.vdex does not exist.
07-07 15:19:14.759  3380  3385 I artd    : OatFileAssistant test for existing oat file /data/user_de/0/com.google.android.gms/app_chimera/m/00000012/oat/x86_64/dl-IdentityCredentialsPlatform.optional_262434100800.vdex: File /data/user_de/0/com.google.android.gms/app_chimera/m/00000012/oat/x86_64/dl-IdentityCredentialsPlatform.optional_262434100800.vdex does not exist.
07-07 15:19:14.759  3380  3385 I artd    : GetBestInfo checking dm (/data/user_de/0/com.google.android.gms/app_chimera/m/00000012/dl-IdentityCredentialsPlatform.optional_262434100800.dm)
07-07 15:19:14.759  3380  3385 W ziparchive: Unable to open '/data/user_de/0/com.google.android.gms/app_chimera/m/00000012/dl-IdentityCredentialsPlatform.optional_262434100800.dm': No such file or directory
07-07 15:19:14.759  3380  3385 I artd    : OatFileAssistant test for existing oat file /data/user_de/0/com.google.android.gms/app_chimera/m/00000012/dl-IdentityCredentialsPlatform.optional_262434100800.dm: I/O error
07-07 15:19:14.759  3380  3385 I artd    : GetBestInfo checking dm (/data/user_de/0/com.google.android.gms/app_chimera/m/00000012/dl-IdentityCredentialsPlatform.optional_262434100800.dm)
07-07 15:19:14.759  3380  3385 W ziparchive: Unable to open '/data/user_de/0/com.google.android.gms/app_chimera/m/00000012/dl-IdentityCredentialsPlatform.optional_262434100800.dm': No such file or directory
07-07 15:19:14.759  3380  3385 I artd    : OatFileAssistant test for existing oat file /data/user_de/0/com.google.android.gms/app_chimera/m/00000012/dl-IdentityCredentialsPlatform.optional_262434100800.dm: I/O error
07-07 15:19:14.759  3380  3385 I artd    : GetBestInfo no usable artifacts
07-07 15:19:14.760  3380  3385 I artd    : Dex parent of /data/user_de/0/com.google.android.gms/app_chimera/m/00000010/dl-MlkitOcrCommon.optional_262434100800.apk is not writable: Permission denied
07-07 15:19:14.760  3380  3385 I artd    : GetBestInfo checking odex in dalvik-cache (/data/dalvik-cache/x86_64/data@user_de@0@com.google.android.gms@app_chimera@m@00000010@dl-MlkitOcrCommon.optional_262434100800.apk@classes.dex)
07-07 15:19:14.760  3380  3385 I artd    : Loading /data/dalvik-cache/x86_64/data@user_de@0@com.google.android.gms@app_chimera@m@00000010@dl-MlkitOcrCommon.optional_262434100800.apk@classes.dex with executable: 0
07-07 15:19:14.760  3380  3385 I artd    : OatFileAssistant test for existing oat file /data/dalvik-cache/x86_64/data@user_de@0@com.google.android.gms@app_chimera@m@00000010@dl-MlkitOcrCommon.optional_262434100800.apk@classes.dex: File /data/dalvik-cache/x86_64/data@user_de@0@com.google.android.gms@app_chimera@m@00000010@dl-MlkitOcrCommon.optional_262434100800.apk@classes.vdex does not exist.
07-07 15:19:14.760  3380  3385 I artd    : GetBestInfo checking odex next to the dex file (/data/user_de/0/com.google.android.gms/app_chimera/m/00000010/oat/x86_64/dl-MlkitOcrCommon.optional_262434100800.odex)
07-07 15:19:14.760  3380  3385 I artd    : Loading /data/user_de/0/com.google.android.gms/app_chimera/m/00000010/oat/x86_64/dl-MlkitOcrCommon.optional_262434100800.odex with executable: 0
07-07 15:19:14.760  3380  3385 I artd    : OatFileAssistant test for existing oat file /data/user_de/0/com.google.android.gms/app_chimera/m/00000010/oat/x86_64/dl-MlkitOcrCommon.optional_262434100800.odex: File /data/user_de/0/com.google.android.gms/app_chimera/m/00000010/oat/x86_64/dl-MlkitOcrCommon.optional_262434100800.vdex does not exist.
07-07 15:19:14.760  3380  3385 I artd    : GetBestInfo checking vdex in dalvik-cache (/data/dalvik-cache/x86_64/data@user_de@0@com.google.android.gms@app_chimera@m@00000010@dl-MlkitOcrCommon.optional_262434100800.apk@classes.vdex)
07-07 15:19:14.760  3380  3385 I artd    : unable to open vdex file /data/dalvik-cache/x86_64/data@user_de@0@com.google.android.gms@app_chimera@m@00000010@dl-MlkitOcrCommon.optional_262434100800.apk@classes.vdex: File /data/dalvik-cache/x86_64/data@user_de@0@com.google.android.gms@app_chimera@m@00000010@dl-MlkitOcrCommon.optional_262434100800.apk@classes.vdex does not exist.
07-07 15:19:14.760  3380  3385 I artd    : OatFileAssistant test for existing oat file /data/dalvik-cache/x86_64/data@user_de@0@com.google.android.gms@app_chimera@m@00000010@dl-MlkitOcrCommon.optional_262434100800.apk@classes.vdex: File /data/dalvik-cache/x86_64/data@user_de@0@com.google.android.gms@app_chimera@m@00000010@dl-MlkitOcrCommon.optional_262434100800.apk@classes.vdex does not exist.
07-07 15:19:14.760  3380  3385 I artd    : GetBestInfo checking vdex next to the dex file (/data/user_de/0/com.google.android.gms/app_chimera/m/00000010/oat/x86_64/dl-MlkitOcrCommon.optional_262434100800.vdex)
07-07 15:19:14.760  3380  3385 I artd    : unable to open vdex file /data/user_de/0/com.google.android.gms/app_chimera/m/00000010/oat/x86_64/dl-MlkitOcrCommon.optional_262434100800.vdex: File /data/user_de/0/com.google.android.gms/app_chimera/m/00000010/oat/x86_64/dl-MlkitOcrCommon.optional_262434100800.vdex does not exist.
07-07 15:19:14.760  3380  3385 I artd    : OatFileAssistant test for existing oat file /data/user_de/0/com.google.android.gms/app_chimera/m/00000010/oat/x86_64/dl-MlkitOcrCommon.optional_262434100800.vdex: File /data/user_de/0/com.google.android.gms/app_chimera/m/00000010/oat/x86_64/dl-MlkitOcrCommon.optional_262434100800.vdex does not exist.
07-07 15:19:14.760  3380  3385 I artd    : GetBestInfo checking dm (/data/user_de/0/com.google.android.gms/app_chimera/m/00000010/dl-MlkitOcrCommon.optional_262434100800.dm)
07-07 15:19:14.760  3380  3385 W ziparchive: Unable to open '/data/user_de/0/com.google.android.gms/app_chimera/m/00000010/dl-MlkitOcrCommon.optional_262434100800.dm': No such file or directory
07-07 15:19:14.760  3380  3385 I artd    : OatFileAssistant test for existing oat file /data/user_de/0/com.google.android.gms/app_chimera/m/00000010/dl-MlkitOcrCommon.optional_262434100800.dm: I/O error
07-07 15:19:14.760  3380  3385 I artd    : GetBestInfo checking dm (/data/user_de/0/com.google.android.gms/app_chimera/m/00000010/dl-MlkitOcrCommon.optional_262434100800.dm)
07-07 15:19:14.760  3380  3385 W ziparchive: Unable to open '/data/user_de/0/com.google.android.gms/app_chimera/m/00000010/dl-MlkitOcrCommon.optional_262434100800.dm': No such file or directory
07-07 15:19:14.760  3380  3385 I artd    : OatFileAssistant test for existing oat file /data/user_de/0/com.google.android.gms/app_chimera/m/00000010/dl-MlkitOcrCommon.optional_262434100800.dm: I/O error
07-07 15:19:14.760  3380  3385 I artd    : GetBestInfo no usable artifacts
07-07 15:19:14.761  3380  3385 I artd    : Dex parent of /data/user_de/0/com.google.android.gms/app_chimera/m/00000008/dl-MlkitBarcodeUi.optional_242335100800.apk is not writable: Permission denied
07-07 15:19:14.761  3380  3385 I artd    : GetBestInfo checking odex in dalvik-cache (/data/dalvik-cache/x86_64/data@user_de@0@com.google.android.gms@app_chimera@m@00000008@dl-MlkitBarcodeUi.optional_242335100800.apk@classes.dex)
07-07 15:19:14.761  3380  3385 I artd    : Loading /data/dalvik-cache/x86_64/data@user_de@0@com.google.android.gms@app_chimera@m@00000008@dl-MlkitBarcodeUi.optional_242335100800.apk@classes.dex with executable: 0
07-07 15:19:14.761  3380  3385 I artd    : OatFileAssistant test for existing oat file /data/dalvik-cache/x86_64/data@user_de@0@com.google.android.gms@app_chimera@m@00000008@dl-MlkitBarcodeUi.optional_242335100800.apk@classes.dex: File /data/dalvik-cache/x86_64/data@user_de@0@com.google.android.gms@app_chimera@m@00000008@dl-MlkitBarcodeUi.optional_242335100800.apk@classes.vdex does not exist.
07-07 15:19:14.761  3380  3385 I artd    : GetBestInfo checking odex next to the dex file (/data/user_de/0/com.google.android.gms/app_chimera/m/00000008/oat/x86_64/dl-MlkitBarcodeUi.optional_242335100800.odex)
07-07 15:19:14.761  3380  3385 I artd    : Loading /data/user_de/0/com.google.android.gms/app_chimera/m/00000008/oat/x86_64/dl-MlkitBarcodeUi.optional_242335100800.odex with executable: 0
07-07 15:19:14.761  3380  3385 I artd    : OatFileAssistant test for existing oat file /data/user_de/0/com.google.android.gms/app_chimera/m/00000008/oat/x86_64/dl-MlkitBarcodeUi.optional_242335100800.odex: File /data/user_de/0/com.google.android.gms/app_chimera/m/00000008/oat/x86_64/dl-MlkitBarcodeUi.optional_242335100800.vdex does not exist.
07-07 15:19:14.761  3380  3385 I artd    : GetBestInfo checking vdex in dalvik-cache (/data/dalvik-cache/x86_64/data@user_de@0@com.google.android.gms@app_chimera@m@00000008@dl-MlkitBarcodeUi.optional_242335100800.apk@classes.vdex)
07-07 15:19:14.761  3380  3385 I artd    : unable to open vdex file /data/dalvik-cache/x86_64/data@user_de@0@com.google.android.gms@app_chimera@m@00000008@dl-MlkitBarcodeUi.optional_242335100800.apk@classes.vdex: File /data/dalvik-cache/x86_64/data@user_de@0@com.google.android.gms@app_chimera@m@00000008@dl-MlkitBarcodeUi.optional_242335100800.apk@classes.vdex does not exist.
07-07 15:19:14.761  3380  3385 I artd    : OatFileAssistant test for existing oat file /data/dalvik-cache/x86_64/data@user_de@0@com.google.android.gms@app_chimera@m@00000008@dl-MlkitBarcodeUi.optional_242335100800.apk@classes.vdex: File /data/dalvik-cache/x86_64/data@user_de@0@com.google.android.gms@app_chimera@m@00000008@dl-MlkitBarcodeUi.optional_242335100800.apk@classes.vdex does not exist.
07-07 15:19:14.761  3380  3385 I artd    : GetBestInfo checking vdex next to the dex file (/data/user_de/0/com.google.android.gms/app_chimera/m/00000008/oat/x86_64/dl-MlkitBarcodeUi.optional_242335100800.vdex)
07-07 15:19:14.761  3380  3385 I artd    : unable to open vdex file /data/user_de/0/com.google.android.gms/app_chimera/m/00000008/oat/x86_64/dl-MlkitBarcodeUi.optional_242335100800.vdex: File /data/user_de/0/com.google.android.gms/app_chimera/m/00000008/oat/x86_64/dl-MlkitBarcodeUi.optional_242335100800.vdex does not exist.
07-07 15:19:14.761  3380  3385 I artd    : OatFileAssistant test for existing oat file /data/user_de/0/com.google.android.gms/app_chimera/m/00000008/oat/x86_64/dl-MlkitBarcodeUi.optional_242335100800.vdex: File /data/user_de/0/com.google.android.gms/app_chimera/m/00000008/oat/x86_64/dl-MlkitBarcodeUi.optional_242335100800.vdex does not exist.
07-07 15:19:14.761  3380  3385 I artd    : GetBestInfo checking dm (/data/user_de/0/com.google.android.gms/app_chimera/m/00000008/dl-MlkitBarcodeUi.optional_242335100800.dm)
07-07 15:19:14.762  3380  3385 W ziparchive: Unable to open '/data/user_de/0/com.google.android.gms/app_chimera/m/00000008/dl-MlkitBarcodeUi.optional_242335100800.dm': No such file or directory
07-07 15:19:14.762  3380  3385 I artd    : OatFileAssistant test for existing oat file /data/user_de/0/com.google.android.gms/app_chimera/m/00000008/dl-MlkitBarcodeUi.optional_242335100800.dm: I/O error
07-07 15:19:14.762  3380  3385 I artd    : GetBestInfo checking dm (/data/user_de/0/com.google.android.gms/app_chimera/m/00000008/dl-MlkitBarcodeUi.optional_242335100800.dm)
07-07 15:19:14.762  3380  3385 W ziparchive: Unable to open '/data/user_de/0/com.google.android.gms/app_chimera/m/00000008/dl-MlkitBarcodeUi.optional_242335100800.dm': No such file or directory
07-07 15:19:14.762  3380  3385 I artd    : OatFileAssistant test for existing oat file /data/user_de/0/com.google.android.gms/app_chimera/m/00000008/dl-MlkitBarcodeUi.optional_242335100800.dm: I/O error
07-07 15:19:14.762  3380  3385 I artd    : GetBestInfo no usable artifacts
07-07 15:19:14.763  3380  3385 I artd    : Dex parent of /data/user/0/com.google.android.gms/app_dg_cache/3D2AD091D37F7A88AE2B230CE960DC92BD1E9E50/the.apk is not writable: Permission denied
07-07 15:19:14.763  3380  3385 I artd    : GetBestInfo checking odex in dalvik-cache (/data/dalvik-cache/x86_64/data@user@0@com.google.android.gms@app_dg_cache@3D2AD091D37F7A88AE2B230CE960DC92BD1E9E50@the.apk@classes.dex)
07-07 15:19:14.763  3380  3385 I artd    : Loading /data/dalvik-cache/x86_64/data@user@0@com.google.android.gms@app_dg_cache@3D2AD091D37F7A88AE2B230CE960DC92BD1E9E50@the.apk@classes.dex with executable: 0
07-07 15:19:14.763  3380  3385 I artd    : OatFileAssistant test for existing oat file /data/dalvik-cache/x86_64/data@user@0@com.google.android.gms@app_dg_cache@3D2AD091D37F7A88AE2B230CE960DC92BD1E9E50@the.apk@classes.dex: File /data/dalvik-cache/x86_64/data@user@0@com.google.android.gms@app_dg_cache@3D2AD091D37F7A88AE2B230CE960DC92BD1E9E50@the.apk@classes.vdex does not exist.
07-07 15:19:14.763  3380  3385 I artd    : GetBestInfo checking odex next to the dex file (/data/user/0/com.google.android.gms/app_dg_cache/3D2AD091D37F7A88AE2B230CE960DC92BD1E9E50/oat/x86_64/the.odex)
07-07 15:19:14.763  3380  3385 I artd    : Loading /data/user/0/com.google.android.gms/app_dg_cache/3D2AD091D37F7A88AE2B230CE960DC92BD1E9E50/oat/x86_64/the.odex with executable: 0
07-07 15:19:14.763  3380  3385 I artd    : OatFileAssistant test for existing oat file /data/user/0/com.google.android.gms/app_dg_cache/3D2AD091D37F7A88AE2B230CE960DC92BD1E9E50/oat/x86_64/the.odex: Failed to open oat filename for reading: No such file or directory
07-07 15:19:14.763  3380  3385 I artd    : GetBestInfo checking vdex in dalvik-cache (/data/dalvik-cache/x86_64/data@user@0@com.google.android.gms@app_dg_cache@3D2AD091D37F7A88AE2B230CE960DC92BD1E9E50@the.apk@classes.vdex)
07-07 15:19:14.763  3380  3385 I artd    : unable to open vdex file /data/dalvik-cache/x86_64/data@user@0@com.google.android.gms@app_dg_cache@3D2AD091D37F7A88AE2B230CE960DC92BD1E9E50@the.apk@classes.vdex: File /data/dalvik-cache/x86_64/data@user@0@com.google.android.gms@app_dg_cache@3D2AD091D37F7A88AE2B230CE960DC92BD1E9E50@the.apk@classes.vdex does not exist.
07-07 15:19:14.763  3380  3385 I artd    : OatFileAssistant test for existing oat file /data/dalvik-cache/x86_64/data@user@0@com.google.android.gms@app_dg_cache@3D2AD091D37F7A88AE2B230CE960DC92BD1E9E50@the.apk@classes.vdex: File /data/dalvik-cache/x86_64/data@user@0@com.google.android.gms@app_dg_cache@3D2AD091D37F7A88AE2B230CE960DC92BD1E9E50@the.apk@classes.vdex does not exist.
07-07 15:19:14.763  3380  3385 I artd    : GetBestInfo checking vdex next to the dex file (/data/user/0/com.google.android.gms/app_dg_cache/3D2AD091D37F7A88AE2B230CE960DC92BD1E9E50/oat/x86_64/the.vdex)
07-07 15:19:14.763  3380  3385 I artd    : Successfully loaded /data/user/0/com.google.android.gms/app_dg_cache/3D2AD091D37F7A88AE2B230CE960DC92BD1E9E50/oat/x86_64/the.vdex with executable: 0
07-07 15:19:14.763  3380  3385 I artd    : Image checksum test skipped for vdex file /data/user/0/com.google.android.gms/app_dg_cache/3D2AD091D37F7A88AE2B230CE960DC92BD1E9E50/oat/x86_64/the.vdex
07-07 15:19:14.763  3380  3385 I artd    : /data/user/0/com.google.android.gms/app_dg_cache/3D2AD091D37F7A88AE2B230CE960DC92BD1E9E50/oat/x86_64/the.vdex is kOatUpToDate with filter verify
07-07 15:19:14.764  3380  3385 I artd    : Dex parent of /data/user_de/0/com.google.android.gms/app_chimera/m/00000007/MeasurementDynamite.apk is not writable: No such file or directory
07-07 15:19:14.764  3380  3385 I artd    : GetBestInfo checking odex in dalvik-cache (/data/dalvik-cache/x86_64/data@user_de@0@com.google.android.gms@app_chimera@m@00000007@MeasurementDynamite.apk@classes.dex)
07-07 15:19:14.764  3380  3385 I artd    : Loading /data/dalvik-cache/x86_64/data@user_de@0@com.google.android.gms@app_chimera@m@00000007@MeasurementDynamite.apk@classes.dex with executable: 0
07-07 15:19:14.764  3380  3385 I artd    : OatFileAssistant test for existing oat file /data/dalvik-cache/x86_64/data@user_de@0@com.google.android.gms@app_chimera@m@00000007@MeasurementDynamite.apk@classes.dex: File /data/dalvik-cache/x86_64/data@user_de@0@com.google.android.gms@app_chimera@m@00000007@MeasurementDynamite.apk@classes.vdex does not exist.
07-07 15:19:14.764  3380  3385 I artd    : GetBestInfo checking odex next to the dex file (/data/user_de/0/com.google.android.gms/app_chimera/m/00000007/oat/x86_64/MeasurementDynamite.odex)
07-07 15:19:14.764  3380  3385 I artd    : Loading /data/user_de/0/com.google.android.gms/app_chimera/m/00000007/oat/x86_64/MeasurementDynamite.odex with executable: 0
07-07 15:19:14.764  3380  3385 I artd    : OatFileAssistant test for existing oat file /data/user_de/0/com.google.android.gms/app_chimera/m/00000007/oat/x86_64/MeasurementDynamite.odex: File /data/user_de/0/com.google.android.gms/app_chimera/m/00000007/oat/x86_64/MeasurementDynamite.vdex does not exist.
07-07 15:19:14.764  3380  3385 I artd    : GetBestInfo checking vdex in dalvik-cache (/data/dalvik-cache/x86_64/data@user_de@0@com.google.android.gms@app_chimera@m@00000007@MeasurementDynamite.apk@classes.vdex)
07-07 15:19:14.764  3380  3385 I artd    : unable to open vdex file /data/dalvik-cache/x86_64/data@user_de@0@com.google.android.gms@app_chimera@m@00000007@MeasurementDynamite.apk@classes.vdex: File /data/dalvik-cache/x86_64/data@user_de@0@com.google.android.gms@app_chimera@m@00000007@MeasurementDynamite.apk@classes.vdex does not exist.
07-07 15:19:14.764  3380  3385 I artd    : OatFileAssistant test for existing oat file /data/dalvik-cache/x86_64/data@user_de@0@com.google.android.gms@app_chimera@m@00000007@MeasurementDynamite.apk@classes.vdex: File /data/dalvik-cache/x86_64/data@user_de@0@com.google.android.gms@app_chimera@m@00000007@MeasurementDynamite.apk@classes.vdex does not exist.
07-07 15:19:14.764  3380  3385 I artd    : GetBestInfo checking vdex next to the dex file (/data/user_de/0/com.google.android.gms/app_chimera/m/00000007/oat/x86_64/MeasurementDynamite.vdex)
07-07 15:19:14.764  3380  3385 I artd    : unable to open vdex file /data/user_de/0/com.google.android.gms/app_chimera/m/00000007/oat/x86_64/MeasurementDynamite.vdex: File /data/user_de/0/com.google.android.gms/app_chimera/m/00000007/oat/x86_64/MeasurementDynamite.vdex does not exist.
07-07 15:19:14.764  3380  3385 I artd    : OatFileAssistant test for existing oat file /data/user_de/0/com.google.android.gms/app_chimera/m/00000007/oat/x86_64/MeasurementDynamite.vdex: File /data/user_de/0/com.google.android.gms/app_chimera/m/00000007/oat/x86_64/MeasurementDynamite.vdex does not exist.
07-07 15:19:14.764  3380  3385 I artd    : GetBestInfo checking dm (/data/user_de/0/com.google.android.gms/app_chimera/m/00000007/MeasurementDynamite.dm)
07-07 15:19:14.764  3380  3385 W ziparchive: Unable to open '/data/user_de/0/com.google.android.gms/app_chimera/m/00000007/MeasurementDynamite.dm': No such file or directory
07-07 15:19:14.764  3380  3385 I artd    : OatFileAssistant test for existing oat file /data/user_de/0/com.google.android.gms/app_chimera/m/00000007/MeasurementDynamite.dm: I/O error
07-07 15:19:14.764  3380  3385 I artd    : GetBestInfo checking dm (/data/user_de/0/com.google.android.gms/app_chimera/m/00000007/MeasurementDynamite.dm)
07-07 15:19:14.764  3380  3385 W ziparchive: Unable to open '/data/user_de/0/com.google.android.gms/app_chimera/m/00000007/MeasurementDynamite.dm': No such file or directory
07-07 15:19:14.764  3380  3385 I artd    : OatFileAssistant test for existing oat file /data/user_de/0/com.google.android.gms/app_chimera/m/00000007/MeasurementDynamite.dm: I/O error
07-07 15:19:14.764  3380  3385 I artd    : GetBestInfo no usable artifacts
07-07 15:19:14.914  7887  8049 D TrafficStats: tagSocket(189) with statsTag=0x4000401, statsUid=10144
07-07 15:19:14.955 16640 16640 D AndroidRuntime: >>>>>> START com.android.internal.os.RuntimeInit uid 2000 <<<<<<
07-07 15:19:14.959 16640 16640 I AndroidRuntime: Using default boot image
07-07 15:19:14.959 16640 16640 I AndroidRuntime: Leaving lock profiling enabled
07-07 15:19:14.961 16640 16640 I app_process: Using CollectorTypeCMC GC.
07-07 15:19:15.025 16640 16640 D nativeloader: InitDefaultPublicLibraries for_preload=1: libandroid.so:libaaudio.so:libamidi.so:libbinder_ndk.so:libc.so:libcamera2ndk.so:libdl.so:libEGL.so:libGLESv1_CM.so:libGLESv2.so:libGLESv3.so:libicu.so:libicui18n.so:libicuuc.so:libjnigraphics.so:liblog.so:libmediandk.so:libm.so:libnativehelper.so:libnativewindow.so:libOpenMAXAL.so:libOpenSLES.so:libRS.so:libstdc++.so:libsync.so:libvulkan.so:libwebviewchromium_plat_support.so:libz.so
07-07 15:19:15.031 16640 16640 D nativeloader: Load libicu_jni.so using APEX ns com_android_art for caller /apex/com.android.art/javalib/core-oj.jar: ok
07-07 15:19:15.033 16640 16640 D app_process: u_setTimeZoneFilesDirectory("/apex/com.android.tzdata/etc/tz/versioned/8/icu") succeeded. 
07-07 15:19:15.033 16640 16640 D app_process: I18n APEX ICU file found: /apex/com.android.i18n/etc/icu/icudt75l.dat
07-07 15:19:15.033 16640 16640 D nativeloader: Load libjavacore.so using APEX ns com_android_art for caller /apex/com.android.art/javalib/core-oj.jar: ok
07-07 15:19:15.033 16640 16640 D nativeloader: Load libopenjdk.so using APEX ns com_android_art for caller /apex/com.android.art/javalib/core-oj.jar: ok
07-07 15:19:15.034 16640 16640 W app_process: Unexpected CPU variant for x86: x86_64.
07-07 15:19:15.034 16640 16640 W app_process: Known variants: atom, sandybridge, silvermont, goldmont, goldmont-plus, goldmont-without-sha-xsaves, tremont, kabylake, default
07-07 15:19:15.048 16640 16640 D nativeloader: Load libframework-connectivity-tiramisu-jni.so using APEX ns com_android_tethering for caller /apex/com.android.tethering/javalib/framework-connectivity-t.jar: ok
07-07 15:19:15.049 16640 16640 D AndroidRuntime: Calling main entry com.android.commands.monkey.Monkey
07-07 15:19:15.049 16640 16640 W Monkey  : args: [-p, com.ecorecover.app, -c, android.intent.category.LAUNCHER, 1]
07-07 15:19:15.050 16640 16640 W Monkey  :  arg: "-p"
07-07 15:19:15.050 16640 16640 W Monkey  :  arg: "com.ecorecover.app"
07-07 15:19:15.050 16640 16640 W Monkey  :  arg: "-c"
07-07 15:19:15.050 16640 16640 W Monkey  :  arg: "android.intent.category.LAUNCHER"
07-07 15:19:15.050 16640 16640 W Monkey  :  arg: "1"
07-07 15:19:15.050 16640 16640 W Monkey  : data="com.ecorecover.app"
07-07 15:19:15.050 16640 16640 W Monkey  : data="android.intent.category.LAUNCHER"
07-07 15:19:15.063   600  2526 W ActivityManager: registerReceiverWithFeature: no app for null
07-07 15:19:15.069   600  2526 W ActivityTaskManager: callingPackage for (uid=2000, pid=16640) has no WPC
07-07 15:19:15.070   600  2526 W OptProp : Cannot read opt property android.window.PROPERTY_COMPAT_ALLOW_USER_ASPECT_RATIO_OVERRIDE
07-07 15:19:15.070   600  2526 W OptProp : Cannot read opt property android.window.PROPERTY_COMPAT_ALLOW_USER_ASPECT_RATIO_FULLSCREEN_OVERRIDE
07-07 15:19:15.070   600  2526 W OptProp : Cannot read opt property android.window.PROPERTY_COMPAT_ALLOW_ORIENTATION_OVERRIDE
07-07 15:19:15.070   600  2526 V GrammaticalInflectionUtils: AttributionSource: android.content.AttributionSource@5f6145ca does not have READ_SYSTEM_GRAMMATICAL_GENDER permission.
07-07 15:19:15.070   600  2526 W OptProp : Cannot read opt property android.window.PROPERTY_COMPAT_ALLOW_RESIZEABLE_ACTIVITY_OVERRIDES
07-07 15:19:15.070   600  2526 W OptProp : Cannot read opt property android.window.PROPERTY_COMPAT_ALLOW_MIN_ASPECT_RATIO_OVERRIDE
07-07 15:19:15.080  1048  1102 V WindowManagerShell: Transition requested (#71): android.os.BinderProxy@b190e07 TransitionRequestInfo { type = OPEN, triggerTask = TaskInfo{userId=0 taskId=20 displayId=0 isRunning=true baseIntent=Intent { act=android.intent.action.MAIN cat=[android.intent.category.LAUNCHER] flg=0x10200000 cmp=com.ecorecover.app/.MainActivity } baseActivity=ComponentInfo{com.ecorecover.app/com.ecorecover.app.MainActivity} topActivity=ComponentInfo{com.ecorecover.app/com.ecorecover.app.MainActivity} origActivity=null realActivity=ComponentInfo{com.ecorecover.app/com.ecorecover.app.MainActivity} numActivities=1 lastActiveTime=13163516 supportsMultiWindow=true resizeMode=1 isResizeable=true minWidth=-1 minHeight=-1 defaultMinSize=220 token=WCT{android.window.IWindowContainerToken$Stub$Proxy@c5b4b34} topActivityType=1 pictureInPictureParams=null shouldDockBigOverlays=false launchIntoPipHostTaskId=-1 lastParentTaskIdBeforePip=-1 displayCutoutSafeInsets=Rect(0, 132 - 0, 0) topActivityInfo=ActivityInfo{2010d5d com.ecorecover.app.MainActivity} launchCookies=[] positionInParent=Point(0, 0) parentTaskId=-1 isFocused=false isVisible=false isVisibleRequested=false isSleeping=false locusId=null displayAreaFeatureId=1 isTopActivityTransparent=false appCompatTaskInfo=AppCompatTaskInfo { topActivityInSizeCompat=false topActivityEligibleForLetterboxEducation= falseisLetterboxEducationEnabled= true isLetterboxDoubleTapEnabled= false topActivityEligibleForUserAspectRatioButton= false topActivityBoundsLetterboxed= false isFromLetterboxDoubleTap= false topActivityLetterboxVerticalPosition= -1 topActivityLetterboxHorizontalPosition= -1 topActivityLetterboxWidth=1080 topActivityLetterboxHeight=2400 isUserFullscreenOverrideEnabled=false isSystemFullscreenOverrideEnabled=false cameraCompatTaskInfo=CameraCompatTaskInfo { cameraCompatControlState=hidden freeformCameraCompatMode=inactive}}}, pipTask = null, remoteTransition = null, displayChange = null, flags = 0, debugId = 71 }
07-07 15:19:15.077   600  2526 I ActivityTaskManager: START u0 {act=android.intent.action.MAIN cat=[android.intent.category.LAUNCHER] flg=0x10200000 cmp=com.ecorecover.app/.MainActivity} with LAUNCH_MULTIPLE from uid 2000 (BAL_ALLOW_PERMISSION) result code=0
07-07 15:19:15.077 16640 16640 I Monkey  : Events injected: 1
07-07 15:19:15.081   449   449 I BpBinder: onLastStrongRef automatically unlinking death recipients: 
07-07 15:19:15.085   600   631 V GrammaticalInflectionUtils: AttributionSource: android.content.AttributionSource@5f6145ca does not have READ_SYSTEM_GRAMMATICAL_GENDER permission.
07-07 15:19:15.087   600  1142 D CoreBackPreview: Window{5578e8e u0 Splash Screen com.ecorecover.app}: Setting back callback OnBackInvokedCallbackInfo{mCallback=android.window.IOnBackInvokedCallback$Stub$Proxy@262fabc, mPriority=0, mIsAnimationCallback=false}
07-07 15:19:15.091 16242 16242 W SplitSelectStateCtor: Missing session instanceIds
07-07 15:19:15.091 16242 16242 D StatsLog: LAUNCHER_SPLIT_SELECTION_EXIT_INTERRUPTED
07-07 15:19:15.089  1615  2557 I AiAiEcho: Settings changed for uri: content://settings/secure/device_state_rotation_lock
07-07 15:19:15.089 16640 16640 I Monkey  : ## Network stats: elapsed time=20ms (0ms mobile, 0ms wifi, 20ms not connected)
07-07 15:19:15.090 16640 16640 I app_process: System.exit called, status: 0
07-07 15:19:15.090 16640 16640 I AndroidRuntime: VM exiting with result code 0.
07-07 15:19:15.097   383   383 D Zygote  : Forked child process 16652
07-07 15:19:15.097   600   641 I ActivityManager: Start proc 16652:com.ecorecover.app/u0a210 for next-top-activity {com.ecorecover.app/com.ecorecover.app.MainActivity}
07-07 15:19:15.101  1615  1775 I AiAiEcho: Predicting[0]:  [CONTEXT sampling_count=5 ]
07-07 15:19:15.101  1615  1775 I AiAiEcho: EchoTargets: 
07-07 15:19:15.101  1615  1775 I AiAiEcho: Filtered by AiAi flag check: 
07-07 15:19:15.101  1615  1775 I AiAiEcho: [CONTEXT ratelimit_period="10 SECONDS" ]
07-07 15:19:15.101  1615  1775 I AiAiEcho: Ranked targets strategy: SORT, count: 0, ranking metadata:  [CONTEXT ratelimit_period="10 SECONDS" ]
07-07 15:19:15.101  1615  1775 I AiAiEcho: #remoteViewsTwiddler: feature disabled.
07-07 15:19:15.101  1615  1775 I AiAiEcho: Predicting[0]:  [CONTEXT sampling_count=5 ]
07-07 15:19:15.101  1615  1775 I AiAiEcho: EchoTargets: 
07-07 15:19:15.101  1615  1775 I AiAiEcho: Filtered by AiAi flag check: 
07-07 15:19:15.101  1615  1775 I AiAiEcho: [CONTEXT ratelimit_period="10 SECONDS" ]
07-07 15:19:15.101  1615  1775 I AiAiEcho: Ranked targets strategy: SORT, count: 0, ranking metadata:  [CONTEXT ratelimit_period="10 SECONDS" ]
07-07 15:19:15.101  1615  1775 I AiAiEcho: #remoteViewsTwiddler: feature disabled.
07-07 15:19:15.101  1615  1775 I AiAiEcho: #postPredictionTargets: Sending updates to UISurface lockscreen with targets# 0 (types=[])
07-07 15:19:15.102  1615  1775 I AiAiEcho: #postPredictionTargets: Sending updates to UISurface home with targets# 0 (types=[])
07-07 15:19:15.105  1048  1102 D WindowManagerShell: setLauncherKeepClearAreaHeight: visible=false, height=527
07-07 15:19:15.104   600  2827 I AppsFilter: interaction: PackageSetting{eff2c73 com.android.microdroid.empty_payload/10198} -> PackageSetting{4ed7ecb com.ecorecover.app/10210} BLOCKED
07-07 15:19:15.106  1615  2557 I AiAiEcho: Settings changed for uri: content://settings/secure/device_state_rotation_lock
07-07 15:19:15.108  1615  1775 I AiAiEcho: Predicting[0]:  [CONTEXT sampling_count=5 ]
07-07 15:19:15.108  1615  1775 I AiAiEcho: EchoTargets: 
07-07 15:19:15.108  1615  1775 I AiAiEcho: Filtered by AiAi flag check: 
07-07 15:19:15.108  1615  1775 I AiAiEcho: [CONTEXT ratelimit_period="10 SECONDS" ]
07-07 15:19:15.108  1615  1775 I AiAiEcho: Ranked targets strategy: SORT, count: 0, ranking metadata:  [CONTEXT ratelimit_period="10 SECONDS" ]
07-07 15:19:15.108  1615  1775 I AiAiEcho: #remoteViewsTwiddler: feature disabled.
07-07 15:19:15.108  1615  1775 I AiAiEcho: Predicting[0]:  [CONTEXT sampling_count=5 ]
07-07 15:19:15.108  1615  1775 I AiAiEcho: EchoTargets: 
07-07 15:19:15.108  1615  1775 I AiAiEcho: Filtered by AiAi flag check: 
07-07 15:19:15.108  1615  1775 I AiAiEcho: [CONTEXT ratelimit_period="10 SECONDS" ]
07-07 15:19:15.108  1615  1775 I AiAiEcho: Ranked targets strategy: SORT, count: 0, ranking metadata:  [CONTEXT ratelimit_period="10 SECONDS" ]
07-07 15:19:15.108  1615  1775 I AiAiEcho: #remoteViewsTwiddler: feature disabled.
07-07 15:19:15.108  1615  1775 I AiAiEcho: #postPredictionTargets: Sending updates to UISurface lockscreen with targets# 0 (types=[])
07-07 15:19:15.108  1615  1775 I AiAiEcho: #postPredictionTargets: Sending updates to UISurface home with targets# 0 (types=[])
07-07 15:19:15.110 16652 16652 I .ecorecover.app: Late-enabling -Xcheck:jni
07-07 15:19:15.124 16242 16242 I TopTaskTracker: onTaskMovedToFront: (moved taskInfo to front) taskId=20, baseIntent=Intent { act=android.intent.action.MAIN cat=[android.intent.category.LAUNCHER] flg=0x10200000 cmp=com.ecorecover.app/.MainActivity }
07-07 15:19:15.125  1048  1048 W PageIndicator: Total number of pages invalid: 0. Assuming 1 page.
07-07 15:19:15.125  1048  1048 W PageIndicator: Total number of pages invalid: 0. Assuming 1 page.
07-07 15:19:15.125 16242 16242 D SsBaseTemplateCard: No text view can be set up
07-07 15:19:15.126 16242 16242 D SsBaseTemplateCard: Passed-in item info is null
07-07 15:19:15.126 16242 16242 D SsBaseTemplateCard: Passed-in item info is null
07-07 15:19:15.126 16242 16242 D SsBaseTemplateCard: Passed-in item info is null
07-07 15:19:15.126 16242 16242 I SsBaseTemplateCard: Secondary card pane is null
07-07 15:19:15.126 16242 16242 D SsBaseTemplateCard: No text view can be set up
07-07 15:19:15.126 16242 16242 D SsBaseTemplateCard: Passed-in item info is null
07-07 15:19:15.126 16242 16242 D SsBaseTemplateCard: Passed-in item info is null
07-07 15:19:15.126 16242 16242 D SsBaseTemplateCard: Passed-in item info is null
07-07 15:19:15.126 16242 16242 I SsBaseTemplateCard: Secondary card pane is null
07-07 15:19:15.132 16652 16652 I .ecorecover.app: Using CollectorTypeCMC GC.
07-07 15:19:15.133 16652 16652 W .ecorecover.app: Unexpected CPU variant for x86: x86_64.
07-07 15:19:15.133 16652 16652 W .ecorecover.app: Known variants: atom, sandybridge, silvermont, goldmont, goldmont-plus, goldmont-without-sha-xsaves, tremont, kabylake, default
07-07 15:19:15.139  2071  2079 I adbd    : jdwp connection from 16652
07-07 15:19:15.143 16242 16257 D EGL_emulation: app_time_stats: avg=50.99ms min=11.79ms max=852.37ms count=24
07-07 15:19:15.149   600   628 V WindowManager: Sent Transition (#71) createdAt=07-07 15:19:15.070 via request=TransitionRequestInfo { type = OPEN, triggerTask = TaskInfo{userId=0 taskId=20 displayId=0 isRunning=true baseIntent=Intent { act=android.intent.action.MAIN cat=[android.intent.category.LAUNCHER] flg=0x10200000 cmp=com.ecorecover.app/.MainActivity } baseActivity=ComponentInfo{com.ecorecover.app/com.ecorecover.app.MainActivity} topActivity=ComponentInfo{com.ecorecover.app/com.ecorecover.app.MainActivity} origActivity=null realActivity=ComponentInfo{com.ecorecover.app/com.ecorecover.app.MainActivity} numActivities=1 lastActiveTime=13163516 supportsMultiWindow=true resizeMode=1 isResizeable=true minWidth=-1 minHeight=-1 defaultMinSize=220 token=WCT{RemoteToken{b6f3eb5 Task{f4ab042 #20 type=standard A=10210:com.ecorecover.app}}} topActivityType=1 pictureInPictureParams=null shouldDockBigOverlays=false launchIntoPipHostTaskId=-1 lastParentTaskIdBeforePip=-1 displayCutoutSafeInsets=Rect(0, 132 - 0, 0) topActivityInfo=ActivityInfo{877094a com.ecorecover.app.MainActivity} launchCookies=[] positionInParent=Point(0, 0) parentTaskId=-1 isFocused=false isVisible=false isVisibleRequested=false isSleeping=false locusId=null displayAreaFeatureId=1 isTopActivityTransparent=false appCompatTaskInfo=AppCompatTaskInfo { topActivityInSizeCompat=false topActivityEligibleForLetterboxEducation= falseisLetterboxEducationEnabled= true isLetterboxDoubleTapEnabled= false topActivityEligibleForUserAspectRatioButton= false topActivityBoundsLetterboxed= false isFromLetterboxDoubleTap= false topActivityLetterboxVerticalPosition= -1 topActivityLetterboxHorizontalPosition= -1 topActivityLetterboxWidth=1080 topActivityLetterboxHeight=2400 isUserFullscreenOverrideEnabled=false isSystemFullscreenOverrideEnabled=false cameraCompatTaskInfo=CameraCompatTaskInfo { cameraCompatControlState=hidden freeformCameraCompatMode=inactive}}}, pipTask = null, remoteTransition = null, displayChange = null, flags = 0, debugId = 71 }
07-07 15:19:15.150  1048  2091 V WindowManagerShell: onTransitionReady(transaction=2576980380858)
07-07 15:19:15.150   600   628 V WindowManager:     startWCT=WindowContainerTransaction { changes = {} hops = [] errorCallbackToken=null taskFragmentOrganizer=null }
07-07 15:19:15.150   600   628 V WindowManager:     info={id=71 t=OPEN f=0x0 trk=0 r=[0@Point(0, 0)] c=[
07-07 15:19:15.150   600   628 V WindowManager:         {WCT{RemoteToken{b6f3eb5 Task{f4ab042 #20 type=standard A=10210:com.ecorecover.app}}} m=OPEN f=NONE leash=Surface(name=Task=20)/@0xd59199f sb=Rect(0, 0 - 1080, 2400) eb=Rect(0, 0 - 1080, 2400) d=0 taskParent=-1},
07-07 15:19:15.150   600   628 V WindowManager:         {WCT{RemoteToken{aacf03 Task{b4dfa22 #1 type=home}}} m=TO_BACK f=SHOW_WALLPAPER leash=Surface(name=Task=1)/@0xc6f7f0e sb=Rect(0, 0 - 1080, 2400) eb=Rect(0, 0 - 1080, 2400) d=0 taskParent=-1}
07-07 15:19:15.150   600   628 V WindowManager:     ]}
07-07 15:19:15.151  1048  1102 V WindowManagerShell: onTransitionReady (#71) android.os.BinderProxy@b190e07: {id=71 t=OPEN f=0x0 trk=0 r=[0@Point(0, 0)] c=[{WCT{android.window.IWindowContainerToken$Stub$Proxy@401e964} m=OPEN f=NONE leash=Surface(name=Task=20)/@0x9be9b8 sb=Rect(0, 0 - 1080, 2400) eb=Rect(0, 0 - 1080, 2400) d=0 taskParent=-1},{WCT{android.window.IWindowContainerToken$Stub$Proxy@14507cd} m=TO_BACK f=SHOW_WALLPAPER leash=Surface(name=Task=1)/@0xfe8c391 sb=Rect(0, 0 - 1080, 2400) eb=Rect(0, 0 - 1080, 2400) d=0 taskParent=-1}]}
07-07 15:19:15.151  1048  1102 V WindowManagerShell: Playing animation for (#71) android.os.BinderProxy@b190e07@0
07-07 15:19:15.151  1048  1102 V WindowManagerShell:  try handler com.android.wm.shell.transition.DefaultMixedHandler@d71ead0
07-07 15:19:15.151  1048  1102 V WindowManagerShell:  try handler com.android.wm.shell.keyguard.KeyguardTransitionHandler@bec8ac9
07-07 15:19:15.151  1048  1102 V WindowManagerShell:  try handler com.android.wm.shell.pip.PipTransition@67685ce
07-07 15:19:15.151  1048  1102 V WindowManagerShell:  try handler com.android.wm.shell.activityembedding.ActivityEmbeddingController@88fecef
07-07 15:19:15.151  1048  1102 V WindowManagerShell:  try handler com.android.wm.shell.recents.RecentsTransitionHandler@f52e3fc
07-07 15:19:15.151  1048  1102 V ShellRecents: RecentsTransitionHandler.startAnimation: no controller found
07-07 15:19:15.151  1048  1102 V WindowManagerShell:  try handler com.android.wm.shell.splitscreen.StageCoordinator@8aa0a85
07-07 15:19:15.151  1048  1102 V WindowManagerShell:  try handler com.android.wm.shell.transition.RemoteTransitionHandler@77930da
07-07 15:19:15.151  1048  1102 V WindowManagerShell: Transition doesn't have explicit remote, search filters for match for {id=71 t=OPEN f=0x0 trk=0 r=[0@Point(0, 0)] c=[{WCT{android.window.IWindowContainerToken$Stub$Proxy@401e964} m=OPEN f=NONE leash=Surface(name=Task=20)/@0x9be9b8 sb=Rect(0, 0 - 1080, 2400) eb=Rect(0, 0 - 1080, 2400) d=0 taskParent=-1},{WCT{android.window.IWindowContainerToken$Stub$Proxy@14507cd} m=TO_BACK f=SHOW_WALLPAPER leash=Surface(name=Task=1)/@0xfe8c391 sb=Rect(0, 0 - 1080, 2400) eb=Rect(0, 0 - 1080, 2400) d=0 taskParent=-1}]}
07-07 15:19:15.151  1048  1102 V WindowManagerShell:  Checking filter Pair{{types=[] flags=0x0] notFlags=0x0 checks=[{atype=undefined independent=true modes=[OPEN,TO_FRONT] flags=IN_TASK_WITH_EMBEDDED_ACTIVITY mustBeTask=false order=ANY topActivity=ComponentInfo{com.google.android.apps.nexuslauncher/com.google.android.apps.nexuslauncher.NexusLauncherActivity} launchCookie=null},{atype=undefined independent=true modes=[CLOSE,TO_BACK] flags=IN_TASK_WITH_EMBEDDED_ACTIVITY mustBeTask=false order=ANY topActivity=null launchCookie=null}]} RemoteTransition { remoteTransition = android.window.IRemoteTransition$Stub$Proxy@60a79f2, appThread = android.app.IApplicationThread$Stub$Proxy@6c9d843, debugName = OverlaySwipeBack }}
07-07 15:19:15.152  1048  1102 V WindowManagerShell:  Checking filter Pair{{types=[] flags=0x0] notFlags=0x0 checks=[{atype=dream independent=true modes=[OPEN,TO_FRONT] flags=NONE mustBeTask=false order=ANY topActivity=null launchCookie=null},{atype=home independent=true modes=[CLOSE,TO_BACK] flags=NONE mustBeTask=false order=ANY topActivity=null launchCookie=null}]} RemoteTransition { remoteTransition = android.window.IRemoteTransition$Stub$Proxy@aa7aec0, appThread = android.app.IApplicationThread$Stub$Proxy@92417f9, debugName = LauncherToDream }}
07-07 15:19:15.152  1048  1102 V WindowManagerShell:  Checking filter Pair{{types=[] flags=0x0] notFlags=0x100 checks=[{atype=home independent=true modes=[OPEN,TO_FRONT] flags=NONE mustBeTask=false order=TOP topActivity=ComponentInfo{com.google.android.apps.nexuslauncher/com.google.android.apps.nexuslauncher.NexusLauncherActivity} launchCookie=null},{atype=standard independent=true modes=[CLOSE,TO_BACK] flags=NONE mustBeTask=false order=ANY topActivity=null launchCookie=null}]} RemoteTransition { remoteTransition = android.window.IRemoteTransition$Stub$Proxy@742433e, appThread = android.app.IApplicationThread$Stub$Proxy@7a7b59f, debugName = QuickstepLaunchHome }}
07-07 15:19:15.152  1048  1102 V WindowManagerShell:  Delegate animation for (#71) to null
