07-06 23:16:23.099 V/WindowManagerShell(  860): Transition requested (#27): android.os.BinderProxy@53d66c2 TransitionRequestInfo { type = CLOSE, triggerTask = TaskInfo{userId=0 taskId=55 displayId=0 isRunning=false baseIntent=Intent { flg=0x10000000 cmp=com.ecorecover.app/.MainActivity } baseActivity=null topActivity=null origActivity=null realActivity=ComponentInfo{com.ecorecover.app/com.ecorecover.app.MainActivity} numActivities=0 lastActiveTime=4497342 supportsMultiWindow=true resizeMode=1 isResizeable=true minWidth=-1 minHeight=-1 defaultMinSize=220 token=WCT{android.window.IWindowContainerToken$Stub$Proxy@c800cd3} topActivityType=1 pictureInPictureParams=null shouldDockBigOverlays=false launchIntoPipHostTaskId=-1 lastParentTaskIdBeforePip=-1 displayCutoutSafeInsets=null topActivityInfo=null launchCookies=[] positionInParent=Point(0, 0) parentTaskId=-1 isFocused=true isVisible=true isVisibleRequested=true isSleeping=false locusId=null displayAreaFeatureId=1 isTopActivityTransparent=false appCompatTaskInfo=AppCompatTaskInfo { topActivityInSizeCompat=false topActivityEligibleForLetterboxEducation= falseisLetterboxEducationEnabled= false isLetterboxDoubleTapEnabled= false topActivityEligibleForUserAspectRatioButton= false topActivityBoundsLetterboxed= false isFromLetterboxDoubleTap= false topActivityLetterboxVerticalPosition= -1 topActivityLetterboxHorizontalPosition= -1 topActivityLetterboxWidth=-1 topActivityLetterboxHeight=-1 isUserFullscreenOverrideEnabled=false isSystemFullscreenOverrideEnabled=false cameraCompatTaskInfo=CameraCompatTaskInfo { cameraCompatControlState=hidden freeformCameraCompatMode=inactive}}}, pipTask = null, remoteTransition = null, displayChange = null, flags = 0, debugId = 27 }
07-06 23:16:23.106 I/AppsFilter(  608): interaction: PackageSetting{3343752 com.android.microdroid.empty_payload/10185} -> PackageSetting{429615a com.ecorecover.app/10212} BLOCKED
07-06 23:16:23.120 D/CarrierSvcBindHelper( 1014): onHandleForceStop: [com.ecorecover.app]
07-06 23:16:23.124 I/WindowManager(  608): WIN DEATH: Window{5af8929 u0 com.ecorecover.app/com.ecorecover.app.MainActivity}
07-06 23:16:23.124 W/InputManager-JNI(  608): Input channel object '5af8929 com.ecorecover.app/com.ecorecover.app.MainActivity (client)' was disposed without first being removed with the input manager!
07-06 23:16:23.124 I/ImeTracker(  608): com.ecorecover.app:b91251aa: onRequestHide at ORIGIN_SERVER reason HIDE_REMOVE_CLIENT fromUser false
07-06 23:16:23.124 I/ImeTracker(  608): com.ecorecover.app:b91251aa: onCancelled at PHASE_SERVER_SHOULD_HIDE
07-06 23:16:23.131 V/ActivityManager(  608): Got obituary of 8820:com.ecorecover.app
07-06 23:16:23.200 I/ActivityTaskManager(  608): Add Task{5708050 #55 type=standard A=10212:com.ecorecover.app} to hidden list because adding Task{c07aa96 #56 type=standard A=10212:com.ecorecover.app}
07-06 23:16:23.212 W/.apps.wellbeing( 1327): ApkAssets: Deleting an ApkAssets object '<empty> and /data/app/~~m54gq0i144FEQY7gV2A0MQ==/com.ecorecover.app-D07_mqbMc8tMw1WpWZv3vQ==/base.apk' with 1 weak references
07-06 23:16:23.215 I/ActivityTaskManager(  608): START u0 {flg=0x10000000 cmp=com.ecorecover.app/.MainActivity} with LAUNCH_MULTIPLE from uid 2000 (BAL_ALLOW_PERMISSION) result code=0
07-06 23:16:23.236 I/ActivityManager(  608): Start proc 8934:com.ecorecover.app/u0a212 for next-top-activity {com.ecorecover.app/com.ecorecover.app.MainActivity}
07-06 23:16:23.239 I/AppsFilter(  608): interaction: PackageSetting{3343752 com.android.microdroid.empty_payload/10185} -> PackageSetting{40bda22 com.ecorecover.app/10212} BLOCKED
07-06 23:16:23.242 I/TopTaskTracker( 1119): onTaskMovedToFront: (moved taskInfo to front) taskId=56, baseIntent=Intent { flg=0x10000000 cmp=com.ecorecover.app/.MainActivity }
07-06 23:16:23.300 D/CoreBackPreview(  608): Window{531766e u0 Splash Screen com.ecorecover.app}: Setting back callback OnBackInvokedCallbackInfo{mCallback=android.window.IOnBackInvokedCallback$Stub$Proxy@7cbe8a3, mPriority=0, mIsAnimationCallback=false}
07-06 23:16:23.421 W/ziparchive( 8934): Unable to open '/data/app/~~m54gq0i144FEQY7gV2A0MQ==/com.ecorecover.app-D07_mqbMc8tMw1WpWZv3vQ==/base.dm': No such file or directory
07-06 23:16:23.421 W/ziparchive( 8934): Unable to open '/data/app/~~m54gq0i144FEQY7gV2A0MQ==/com.ecorecover.app-D07_mqbMc8tMw1WpWZv3vQ==/base.dm': No such file or directory
07-06 23:16:23.898 D/nativeloader( 8934): Configuring clns-7 for other apk /data/app/~~m54gq0i144FEQY7gV2A0MQ==/com.ecorecover.app-D07_mqbMc8tMw1WpWZv3vQ==/base.apk. target_sdk_version=36, uses_libraries=, library_path=/data/app/~~m54gq0i144FEQY7gV2A0MQ==/com.ecorecover.app-D07_mqbMc8tMw1WpWZv3vQ==/lib/x86_64:/data/app/~~m54gq0i144FEQY7gV2A0MQ==/com.ecorecover.app-D07_mqbMc8tMw1WpWZv3vQ==/base.apk!/lib/x86_64, permitted_path=/data:/mnt/expand:/data/user/0/com.ecorecover.app
07-06 23:16:23.976 V/WindowManager(  608): Sent Transition (#27) createdAt=07-06 23:16:23.097 via request=TransitionRequestInfo { type = CLOSE, triggerTask = TaskInfo{userId=0 taskId=55 displayId=0 isRunning=false baseIntent=Intent { flg=0x10000000 cmp=com.ecorecover.app/.MainActivity } baseActivity=null topActivity=null origActivity=null realActivity=ComponentInfo{com.ecorecover.app/com.ecorecover.app.MainActivity} numActivities=0 lastActiveTime=4497342 supportsMultiWindow=true resizeMode=1 isResizeable=true minWidth=-1 minHeight=-1 defaultMinSize=220 token=WCT{RemoteToken{c345414 Task{5708050 #55 type=standard A=10212:com.ecorecover.app}}} topActivityType=1 pictureInPictureParams=null shouldDockBigOverlays=false launchIntoPipHostTaskId=-1 lastParentTaskIdBeforePip=-1 displayCutoutSafeInsets=null topActivityInfo=null launchCookies=[] positionInParent=Point(0, 0) parentTaskId=-1 isFocused=true isVisible=true isVisibleRequested=true isSleeping=false locusId=null displayAreaFeatureId=1 isTopActivityTransparent=false appCompatTaskInfo=AppCompatTaskInfo { topActivityInSizeCompat=false topActivityEligibleForLetterboxEducation= falseisLetterboxEducationEnabled= false isLetterboxDoubleTapEnabled= false topActivityEligibleForUserAspectRatioButton= false topActivityBoundsLetterboxed= false isFromLetterboxDoubleTap= false topActivityLetterboxVerticalPosition= -1 topActivityLetterboxHorizontalPosition= -1 topActivityLetterboxWidth=-1 topActivityLetterboxHeight=-1 isUserFullscreenOverrideEnabled=false isSystemFullscreenOverrideEnabled=false cameraCompatTaskInfo=CameraCompatTaskInfo { cameraCompatControlState=hidden freeformCameraCompatMode=inactive}}}, pipTask = null, remoteTransition = null, displayChange = null, flags = 0, debugId = 27 }
07-06 23:16:23.977 V/WindowManager(  608):         {WCT{RemoteToken{3850ab8 Task{c07aa96 #56 type=standard A=10212:com.ecorecover.app}}} m=OPEN f=MOVE_TO_TOP leash=Surface(name=Task=56)/@0xcd4c72a sb=Rect(0, 0 - 1080, 2400) eb=Rect(0, 0 - 1080, 2400) d=0 taskParent=-1},
07-06 23:16:23.977 V/WindowManager(  608):         {WCT{RemoteToken{c345414 Task{5708050 #55 type=standard A=10212:com.ecorecover.app}}} m=CLOSE f=NONE leash=Surface(name=Task=55)/@0x1ec8226 sb=Rect(0, 0 - 1080, 2400) eb=Rect(0, 0 - 1080, 2400) d=0 taskParent=-1},
07-06 23:16:24.353 D/CoreBackPreview(  608): Window{11cc3ce u0 com.ecorecover.app/com.ecorecover.app.MainActivity}: Setting back callback OnBackInvokedCallbackInfo{mCallback=android.window.IOnBackInvokedCallback$Stub$Proxy@7252f0b, mPriority=0, mIsAnimationCallback=false}
07-06 23:16:24.570 W/WindowManager(  608): Exception thrown during dispatchAppVisibility Window{5af8929 u0 com.ecorecover.app/com.ecorecover.app.MainActivity EXITING}
07-06 23:16:24.954 W/ziparchive(  608): Unable to open '/data/app/~~m54gq0i144FEQY7gV2A0MQ==/com.ecorecover.app-D07_mqbMc8tMw1WpWZv3vQ==/base.dm': No such file or directory
07-06 23:16:24.956 I/ActivityTaskManager(  608): Displayed com.ecorecover.app/.MainActivity for user 0: +1s773ms
07-06 23:16:25.010 I/ImeTracker(  608): com.ecorecover.app:8dfb5f00: onRequestHide at ORIGIN_SERVER reason HIDE_UNSPECIFIED_WINDOW fromUser false
07-06 23:16:25.011 I/ImeTracker(  608): com.ecorecover.app:8dfb5f00: onCancelled at PHASE_SERVER_SHOULD_HIDE
07-06 23:16:25.023 I/GoogleInputMethodService( 1310): GoogleInputMethodService.onStartInput():1986 onStartInput(EditorInfo{EditorInfo{packageName=com.ecorecover.app, inputType=0, inputTypeString=NULL, enableLearning=false, autoCorrection=false, autoComplete=false, imeOptions=0, privateImeOptions=null, actionName=UNSPECIFIED, actionLabel=null, initialSelStart=-1, initialSelEnd=-1, initialCapsMode=0, label=null, fieldId=0, fieldName=null, extras=null, hintText=null, hintLocales=[]}}, false)
07-06 23:16:25.023 W/PackageConfigPersister(  608): App-specific configuration not found for packageName: com.ecorecover.app and userId: 0
07-06 23:16:25.342 D/CoreBackPreview(  608): Window{531766e u0 Splash Screen com.ecorecover.app EXITING}: Setting back callback null
07-06 23:16:25.342 W/InputManager-JNI(  608): Input channel object '531766e Splash Screen com.ecorecover.app (client)' was disposed without first being removed with the input manager!
07-06 23:16:26.918 I/artd    ( 1575): /data/app/~~SbycL-3Ar5M0pHL8ROMOgg==/com.google.android.gms-CNoPZoaQToghVVf0NMGBzA==/oat/x86_64/base.odex is kOatUpToDate with filter speed-profile
07-06 23:16:29.153 D/ProfileInstaller( 8934): Installing profile for com.ecorecover.app
07-06 23:16:36.972 I/artd    ( 1575): /data/app/~~SbycL-3Ar5M0pHL8ROMOgg==/com.google.android.gms-CNoPZoaQToghVVf0NMGBzA==/oat/x86_64/base.odex is kOatUpToDate with filter speed-profile
07-06 23:16:46.961 I/artd    ( 1575): /data/app/~~SbycL-3Ar5M0pHL8ROMOgg==/com.google.android.gms-CNoPZoaQToghVVf0NMGBzA==/oat/x86_64/base.odex is kOatUpToDate with filter speed-profile
07-06 23:16:56.968 I/artd    ( 1575): /data/app/~~SbycL-3Ar5M0pHL8ROMOgg==/com.google.android.gms-CNoPZoaQToghVVf0NMGBzA==/oat/x86_64/base.odex is kOatUpToDate with filter speed-profile
07-06 23:17:06.971 I/artd    ( 1575): /data/app/~~SbycL-3Ar5M0pHL8ROMOgg==/com.google.android.gms-CNoPZoaQToghVVf0NMGBzA==/oat/x86_64/base.odex is kOatUpToDate with filter speed-profile
07-06 23:17:16.973 I/artd    ( 1575): /data/app/~~SbycL-3Ar5M0pHL8ROMOgg==/com.google.android.gms-CNoPZoaQToghVVf0NMGBzA==/oat/x86_64/base.odex is kOatUpToDate with filter speed-profile
07-06 23:17:26.957 I/artd    ( 1575): /data/app/~~SbycL-3Ar5M0pHL8ROMOgg==/com.google.android.gms-CNoPZoaQToghVVf0NMGBzA==/oat/x86_64/base.odex is kOatUpToDate with filter speed-profile
07-06 23:17:36.973 I/artd    ( 1575): /data/app/~~SbycL-3Ar5M0pHL8ROMOgg==/com.google.android.gms-CNoPZoaQToghVVf0NMGBzA==/oat/x86_64/base.odex is kOatUpToDate with filter speed-profile
07-06 23:17:46.960 I/artd    ( 1575): /data/app/~~SbycL-3Ar5M0pHL8ROMOgg==/com.google.android.gms-CNoPZoaQToghVVf0NMGBzA==/oat/x86_64/base.odex is kOatUpToDate with filter speed-profile
07-06 23:17:56.986 I/artd    ( 1575): /data/app/~~SbycL-3Ar5M0pHL8ROMOgg==/com.google.android.gms-CNoPZoaQToghVVf0NMGBzA==/oat/x86_64/base.odex is kOatUpToDate with filter speed-profile
07-06 23:18:06.996 I/artd    ( 1575): /data/app/~~SbycL-3Ar5M0pHL8ROMOgg==/com.google.android.gms-CNoPZoaQToghVVf0NMGBzA==/oat/x86_64/base.odex is kOatUpToDate with filter speed-profile
07-06 23:18:16.996 I/artd    ( 1575): /data/app/~~SbycL-3Ar5M0pHL8ROMOgg==/com.google.android.gms-CNoPZoaQToghVVf0NMGBzA==/oat/x86_64/base.odex is kOatUpToDate with filter speed-profile
07-06 23:18:26.991 I/artd    ( 1575): /data/app/~~SbycL-3Ar5M0pHL8ROMOgg==/com.google.android.gms-CNoPZoaQToghVVf0NMGBzA==/oat/x86_64/base.odex is kOatUpToDate with filter speed-profile
07-06 23:18:36.983 I/artd    ( 1575): /data/app/~~SbycL-3Ar5M0pHL8ROMOgg==/com.google.android.gms-CNoPZoaQToghVVf0NMGBzA==/oat/x86_64/base.odex is kOatUpToDate with filter speed-profile
07-06 23:18:46.993 I/artd    ( 1575): /data/app/~~SbycL-3Ar5M0pHL8ROMOgg==/com.google.android.gms-CNoPZoaQToghVVf0NMGBzA==/oat/x86_64/base.odex is kOatUpToDate with filter speed-profile
07-06 23:18:56.978 I/artd    ( 1575): /data/app/~~SbycL-3Ar5M0pHL8ROMOgg==/com.google.android.gms-CNoPZoaQToghVVf0NMGBzA==/oat/x86_64/base.odex is kOatUpToDate with filter speed-profile
07-06 23:19:07.008 I/artd    ( 1575): /data/app/~~SbycL-3Ar5M0pHL8ROMOgg==/com.google.android.gms-CNoPZoaQToghVVf0NMGBzA==/oat/x86_64/base.odex is kOatUpToDate with filter speed-profile
07-06 23:19:16.994 I/artd    ( 1575): /data/app/~~SbycL-3Ar5M0pHL8ROMOgg==/com.google.android.gms-CNoPZoaQToghVVf0NMGBzA==/oat/x86_64/base.odex is kOatUpToDate with filter speed-profile
07-06 23:19:27.020 I/artd    ( 1575): /data/app/~~SbycL-3Ar5M0pHL8ROMOgg==/com.google.android.gms-CNoPZoaQToghVVf0NMGBzA==/oat/x86_64/base.odex is kOatUpToDate with filter speed-profile
07-06 23:19:36.994 I/artd    ( 1575): /data/app/~~SbycL-3Ar5M0pHL8ROMOgg==/com.google.android.gms-CNoPZoaQToghVVf0NMGBzA==/oat/x86_64/base.odex is kOatUpToDate with filter speed-profile
07-06 23:19:47.032 I/artd    ( 1575): /data/app/~~SbycL-3Ar5M0pHL8ROMOgg==/com.google.android.gms-CNoPZoaQToghVVf0NMGBzA==/oat/x86_64/base.odex is kOatUpToDate with filter speed-profile
07-06 23:19:57.045 I/artd    ( 1575): /data/app/~~SbycL-3Ar5M0pHL8ROMOgg==/com.google.android.gms-CNoPZoaQToghVVf0NMGBzA==/oat/x86_64/base.odex is kOatUpToDate with filter speed-profile
07-06 23:20:07.042 I/artd    ( 1575): /data/app/~~SbycL-3Ar5M0pHL8ROMOgg==/com.google.android.gms-CNoPZoaQToghVVf0NMGBzA==/oat/x86_64/base.odex is kOatUpToDate with filter speed-profile
07-06 23:20:17.070 I/artd    ( 1575): /data/app/~~SbycL-3Ar5M0pHL8ROMOgg==/com.google.android.gms-CNoPZoaQToghVVf0NMGBzA==/oat/x86_64/base.odex is kOatUpToDate with filter speed-profile
07-06 23:20:27.112 I/artd    ( 1575): /data/app/~~SbycL-3Ar5M0pHL8ROMOgg==/com.google.android.gms-CNoPZoaQToghVVf0NMGBzA==/oat/x86_64/base.odex is kOatUpToDate with filter speed-profile
07-06 23:20:31.351 W/.gms.persistent( 1085): ApkAssets: Deleting an ApkAssets object '<empty> and /data/app/~~m54gq0i144FEQY7gV2A0MQ==/com.ecorecover.app-D07_mqbMc8tMw1WpWZv3vQ==/base.apk' with 1 weak references
07-06 23:20:37.083 I/artd    ( 1575): /data/app/~~SbycL-3Ar5M0pHL8ROMOgg==/com.google.android.gms-CNoPZoaQToghVVf0NMGBzA==/oat/x86_64/base.odex is kOatUpToDate with filter speed-profile
07-06 23:20:47.101 I/artd    ( 1575): /data/app/~~SbycL-3Ar5M0pHL8ROMOgg==/com.google.android.gms-CNoPZoaQToghVVf0NMGBzA==/oat/x86_64/base.odex is kOatUpToDate with filter speed-profile
07-06 23:20:57.080 I/artd    ( 1575): /data/app/~~SbycL-3Ar5M0pHL8ROMOgg==/com.google.android.gms-CNoPZoaQToghVVf0NMGBzA==/oat/x86_64/base.odex is kOatUpToDate with filter speed-profile
07-06 23:21:07.107 I/artd    ( 1575): /data/app/~~SbycL-3Ar5M0pHL8ROMOgg==/com.google.android.gms-CNoPZoaQToghVVf0NMGBzA==/oat/x86_64/base.odex is kOatUpToDate with filter speed-profile
07-06 23:21:17.097 I/artd    ( 1575): /data/app/~~SbycL-3Ar5M0pHL8ROMOgg==/com.google.android.gms-CNoPZoaQToghVVf0NMGBzA==/oat/x86_64/base.odex is kOatUpToDate with filter speed-profile
07-06 23:21:27.108 I/artd    ( 1575): /data/app/~~SbycL-3Ar5M0pHL8ROMOgg==/com.google.android.gms-CNoPZoaQToghVVf0NMGBzA==/oat/x86_64/base.odex is kOatUpToDate with filter speed-profile
07-06 23:21:37.130 I/artd    ( 1575): /data/app/~~SbycL-3Ar5M0pHL8ROMOgg==/com.google.android.gms-CNoPZoaQToghVVf0NMGBzA==/oat/x86_64/base.odex is kOatUpToDate with filter speed-profile
07-06 23:21:47.114 I/artd    ( 1575): /data/app/~~SbycL-3Ar5M0pHL8ROMOgg==/com.google.android.gms-CNoPZoaQToghVVf0NMGBzA==/oat/x86_64/base.odex is kOatUpToDate with filter speed-profile
07-06 23:21:57.119 I/artd    ( 1575): /data/app/~~SbycL-3Ar5M0pHL8ROMOgg==/com.google.android.gms-CNoPZoaQToghVVf0NMGBzA==/oat/x86_64/base.odex is kOatUpToDate with filter speed-profile
07-06 23:22:07.123 I/artd    ( 1575): /data/app/~~SbycL-3Ar5M0pHL8ROMOgg==/com.google.android.gms-CNoPZoaQToghVVf0NMGBzA==/oat/x86_64/base.odex is kOatUpToDate with filter speed-profile
07-06 23:22:17.124 I/artd    ( 1575): /data/app/~~SbycL-3Ar5M0pHL8ROMOgg==/com.google.android.gms-CNoPZoaQToghVVf0NMGBzA==/oat/x86_64/base.odex is kOatUpToDate with filter speed-profile
07-06 23:22:27.136 I/artd    ( 1575): /data/app/~~SbycL-3Ar5M0pHL8ROMOgg==/com.google.android.gms-CNoPZoaQToghVVf0NMGBzA==/oat/x86_64/base.odex is kOatUpToDate with filter speed-profile
07-06 23:22:37.113 I/artd    ( 1575): /data/app/~~SbycL-3Ar5M0pHL8ROMOgg==/com.google.android.gms-CNoPZoaQToghVVf0NMGBzA==/oat/x86_64/base.odex is kOatUpToDate with filter speed-profile
07-06 23:22:47.104 I/artd    ( 1575): /data/app/~~SbycL-3Ar5M0pHL8ROMOgg==/com.google.android.gms-CNoPZoaQToghVVf0NMGBzA==/oat/x86_64/base.odex is kOatUpToDate with filter speed-profile
07-06 23:22:57.149 I/artd    ( 1575): /data/app/~~SbycL-3Ar5M0pHL8ROMOgg==/com.google.android.gms-CNoPZoaQToghVVf0NMGBzA==/oat/x86_64/base.odex is kOatUpToDate with filter speed-profile
07-06 23:23:07.134 I/artd    ( 1575): /data/app/~~SbycL-3Ar5M0pHL8ROMOgg==/com.google.android.gms-CNoPZoaQToghVVf0NMGBzA==/oat/x86_64/base.odex is kOatUpToDate with filter speed-profile
07-06 23:23:17.131 I/artd    ( 1575): /data/app/~~SbycL-3Ar5M0pHL8ROMOgg==/com.google.android.gms-CNoPZoaQToghVVf0NMGBzA==/oat/x86_64/base.odex is kOatUpToDate with filter speed-profile
07-06 23:23:27.146 I/artd    ( 1575): /data/app/~~SbycL-3Ar5M0pHL8ROMOgg==/com.google.android.gms-CNoPZoaQToghVVf0NMGBzA==/oat/x86_64/base.odex is kOatUpToDate with filter speed-profile
07-06 23:23:37.133 I/artd    ( 1575): /data/app/~~SbycL-3Ar5M0pHL8ROMOgg==/com.google.android.gms-CNoPZoaQToghVVf0NMGBzA==/oat/x86_64/base.odex is kOatUpToDate with filter speed-profile
07-06 23:23:47.129 I/artd    ( 1575): /data/app/~~SbycL-3Ar5M0pHL8ROMOgg==/com.google.android.gms-CNoPZoaQToghVVf0NMGBzA==/oat/x86_64/base.odex is kOatUpToDate with filter speed-profile
07-06 23:23:57.136 I/artd    ( 1575): /data/app/~~SbycL-3Ar5M0pHL8ROMOgg==/com.google.android.gms-CNoPZoaQToghVVf0NMGBzA==/oat/x86_64/base.odex is kOatUpToDate with filter speed-profile
07-06 23:24:07.141 I/artd    ( 1575): /data/app/~~SbycL-3Ar5M0pHL8ROMOgg==/com.google.android.gms-CNoPZoaQToghVVf0NMGBzA==/oat/x86_64/base.odex is kOatUpToDate with filter speed-profile
07-06 23:24:17.142 I/artd    ( 1575): /data/app/~~SbycL-3Ar5M0pHL8ROMOgg==/com.google.android.gms-CNoPZoaQToghVVf0NMGBzA==/oat/x86_64/base.odex is kOatUpToDate with filter speed-profile
07-06 23:24:27.156 I/artd    ( 1575): /data/app/~~SbycL-3Ar5M0pHL8ROMOgg==/com.google.android.gms-CNoPZoaQToghVVf0NMGBzA==/oat/x86_64/base.odex is kOatUpToDate with filter speed-profile
07-06 23:24:37.164 I/artd    ( 1575): /data/app/~~SbycL-3Ar5M0pHL8ROMOgg==/com.google.android.gms-CNoPZoaQToghVVf0NMGBzA==/oat/x86_64/base.odex is kOatUpToDate with filter speed-profile
07-06 23:24:47.170 I/artd    ( 1575): /data/app/~~SbycL-3Ar5M0pHL8ROMOgg==/com.google.android.gms-CNoPZoaQToghVVf0NMGBzA==/oat/x86_64/base.odex is kOatUpToDate with filter speed-profile
07-06 23:24:57.144 I/artd    ( 1575): /data/app/~~SbycL-3Ar5M0pHL8ROMOgg==/com.google.android.gms-CNoPZoaQToghVVf0NMGBzA==/oat/x86_64/base.odex is kOatUpToDate with filter speed-profile
07-06 23:25:07.158 I/artd    ( 1575): /data/app/~~SbycL-3Ar5M0pHL8ROMOgg==/com.google.android.gms-CNoPZoaQToghVVf0NMGBzA==/oat/x86_64/base.odex is kOatUpToDate with filter speed-profile
07-06 23:25:17.163 I/artd    ( 1575): /data/app/~~SbycL-3Ar5M0pHL8ROMOgg==/com.google.android.gms-CNoPZoaQToghVVf0NMGBzA==/oat/x86_64/base.odex is kOatUpToDate with filter speed-profile
07-06 23:25:27.169 I/artd    ( 1575): /data/app/~~SbycL-3Ar5M0pHL8ROMOgg==/com.google.android.gms-CNoPZoaQToghVVf0NMGBzA==/oat/x86_64/base.odex is kOatUpToDate with filter speed-profile
07-06 23:25:37.224 I/artd    ( 1575): /data/app/~~SbycL-3Ar5M0pHL8ROMOgg==/com.google.android.gms-CNoPZoaQToghVVf0NMGBzA==/oat/x86_64/base.odex is kOatUpToDate with filter speed-profile
07-06 23:25:47.162 I/artd    ( 1575): /data/app/~~SbycL-3Ar5M0pHL8ROMOgg==/com.google.android.gms-CNoPZoaQToghVVf0NMGBzA==/oat/x86_64/base.odex is kOatUpToDate with filter speed-profile
07-06 23:25:57.201 I/artd    ( 1575): /data/app/~~SbycL-3Ar5M0pHL8ROMOgg==/com.google.android.gms-CNoPZoaQToghVVf0NMGBzA==/oat/x86_64/base.odex is kOatUpToDate with filter speed-profile
07-06 23:26:01.896 I/gle.android.gms( 1531): Waiting for a blocking GC ProfileSaver
07-06 23:26:01.977 I/gle.android.gms( 1531): WaitForGcToComplete blocked ProfileSaver on Explicit for 80.733ms
07-06 23:26:07.210 I/artd    ( 1575): /data/app/~~SbycL-3Ar5M0pHL8ROMOgg==/com.google.android.gms-CNoPZoaQToghVVf0NMGBzA==/oat/x86_64/base.odex is kOatUpToDate with filter speed-profile
07-06 23:26:17.175 I/artd    ( 1575): /data/app/~~SbycL-3Ar5M0pHL8ROMOgg==/com.google.android.gms-CNoPZoaQToghVVf0NMGBzA==/oat/x86_64/base.odex is kOatUpToDate with filter speed-profile
07-06 23:26:27.177 I/artd    ( 1575): /data/app/~~SbycL-3Ar5M0pHL8ROMOgg==/com.google.android.gms-CNoPZoaQToghVVf0NMGBzA==/oat/x86_64/base.odex is kOatUpToDate with filter speed-profile
07-06 23:26:37.210 I/artd    ( 1575): /data/app/~~SbycL-3Ar5M0pHL8ROMOgg==/com.google.android.gms-CNoPZoaQToghVVf0NMGBzA==/oat/x86_64/base.odex is kOatUpToDate with filter speed-profile
07-06 23:26:47.190 I/artd    ( 1575): /data/app/~~SbycL-3Ar5M0pHL8ROMOgg==/com.google.android.gms-CNoPZoaQToghVVf0NMGBzA==/oat/x86_64/base.odex is kOatUpToDate with filter speed-profile
07-06 23:26:57.208 I/artd    ( 1575): /data/app/~~SbycL-3Ar5M0pHL8ROMOgg==/com.google.android.gms-CNoPZoaQToghVVf0NMGBzA==/oat/x86_64/base.odex is kOatUpToDate with filter speed-profile
07-06 23:27:07.270 I/artd    ( 1575): /data/app/~~SbycL-3Ar5M0pHL8ROMOgg==/com.google.android.gms-CNoPZoaQToghVVf0NMGBzA==/oat/x86_64/base.odex is kOatUpToDate with filter speed-profile
07-06 23:27:17.254 I/artd    ( 1575): /data/app/~~SbycL-3Ar5M0pHL8ROMOgg==/com.google.android.gms-CNoPZoaQToghVVf0NMGBzA==/oat/x86_64/base.odex is kOatUpToDate with filter speed-profile
07-06 23:27:27.261 I/artd    ( 1575): /data/app/~~SbycL-3Ar5M0pHL8ROMOgg==/com.google.android.gms-CNoPZoaQToghVVf0NMGBzA==/oat/x86_64/base.odex is kOatUpToDate with filter speed-profile
07-06 23:27:37.252 I/artd    ( 1575): /data/app/~~SbycL-3Ar5M0pHL8ROMOgg==/com.google.android.gms-CNoPZoaQToghVVf0NMGBzA==/oat/x86_64/base.odex is kOatUpToDate with filter speed-profile
07-06 23:27:47.254 I/artd    ( 1575): /data/app/~~SbycL-3Ar5M0pHL8ROMOgg==/com.google.android.gms-CNoPZoaQToghVVf0NMGBzA==/oat/x86_64/base.odex is kOatUpToDate with filter speed-profile
07-06 23:27:57.284 I/artd    ( 1575): /data/app/~~SbycL-3Ar5M0pHL8ROMOgg==/com.google.android.gms-CNoPZoaQToghVVf0NMGBzA==/oat/x86_64/base.odex is kOatUpToDate with filter speed-profile
07-06 23:28:07.281 I/artd    ( 1575): /data/app/~~SbycL-3Ar5M0pHL8ROMOgg==/com.google.android.gms-CNoPZoaQToghVVf0NMGBzA==/oat/x86_64/base.odex is kOatUpToDate with filter speed-profile
07-06 23:28:17.297 I/artd    ( 1575): /data/app/~~SbycL-3Ar5M0pHL8ROMOgg==/com.google.android.gms-CNoPZoaQToghVVf0NMGBzA==/oat/x86_64/base.odex is kOatUpToDate with filter speed-profile
07-06 23:28:27.291 I/artd    ( 1575): /data/app/~~SbycL-3Ar5M0pHL8ROMOgg==/com.google.android.gms-CNoPZoaQToghVVf0NMGBzA==/oat/x86_64/base.odex is kOatUpToDate with filter speed-profile
07-06 23:28:37.322 I/artd    ( 1575): /data/app/~~SbycL-3Ar5M0pHL8ROMOgg==/com.google.android.gms-CNoPZoaQToghVVf0NMGBzA==/oat/x86_64/base.odex is kOatUpToDate with filter speed-profile
07-06 23:28:47.315 I/artd    ( 1575): /data/app/~~SbycL-3Ar5M0pHL8ROMOgg==/com.google.android.gms-CNoPZoaQToghVVf0NMGBzA==/oat/x86_64/base.odex is kOatUpToDate with filter speed-profile
07-06 23:28:57.306 I/artd    ( 1575): /data/app/~~SbycL-3Ar5M0pHL8ROMOgg==/com.google.android.gms-CNoPZoaQToghVVf0NMGBzA==/oat/x86_64/base.odex is kOatUpToDate with filter speed-profile
07-06 23:29:07.342 I/artd    ( 1575): /data/app/~~SbycL-3Ar5M0pHL8ROMOgg==/com.google.android.gms-CNoPZoaQToghVVf0NMGBzA==/oat/x86_64/base.odex is kOatUpToDate with filter speed-profile
07-06 23:29:17.325 I/artd    ( 1575): /data/app/~~SbycL-3Ar5M0pHL8ROMOgg==/com.google.android.gms-CNoPZoaQToghVVf0NMGBzA==/oat/x86_64/base.odex is kOatUpToDate with filter speed-profile
07-06 23:29:27.332 I/artd    ( 1575): /data/app/~~SbycL-3Ar5M0pHL8ROMOgg==/com.google.android.gms-CNoPZoaQToghVVf0NMGBzA==/oat/x86_64/base.odex is kOatUpToDate with filter speed-profile
07-06 23:29:37.341 I/artd    ( 1575): /data/app/~~SbycL-3Ar5M0pHL8ROMOgg==/com.google.android.gms-CNoPZoaQToghVVf0NMGBzA==/oat/x86_64/base.odex is kOatUpToDate with filter speed-profile
07-06 23:29:47.356 I/artd    ( 1575): /data/app/~~SbycL-3Ar5M0pHL8ROMOgg==/com.google.android.gms-CNoPZoaQToghVVf0NMGBzA==/oat/x86_64/base.odex is kOatUpToDate with filter speed-profile
07-06 23:29:57.353 I/artd    ( 1575): /data/app/~~SbycL-3Ar5M0pHL8ROMOgg==/com.google.android.gms-CNoPZoaQToghVVf0NMGBzA==/oat/x86_64/base.odex is kOatUpToDate with filter speed-profile
07-06 23:30:07.337 I/artd    ( 1575): /data/app/~~SbycL-3Ar5M0pHL8ROMOgg==/com.google.android.gms-CNoPZoaQToghVVf0NMGBzA==/oat/x86_64/base.odex is kOatUpToDate with filter speed-profile
07-06 23:30:17.370 I/artd    ( 1575): /data/app/~~SbycL-3Ar5M0pHL8ROMOgg==/com.google.android.gms-CNoPZoaQToghVVf0NMGBzA==/oat/x86_64/base.odex is kOatUpToDate with filter speed-profile
07-06 23:30:27.358 I/artd    ( 1575): /data/app/~~SbycL-3Ar5M0pHL8ROMOgg==/com.google.android.gms-CNoPZoaQToghVVf0NMGBzA==/oat/x86_64/base.odex is kOatUpToDate with filter speed-profile
07-06 23:30:37.378 I/artd    ( 1575): /data/app/~~SbycL-3Ar5M0pHL8ROMOgg==/com.google.android.gms-CNoPZoaQToghVVf0NMGBzA==/oat/x86_64/base.odex is kOatUpToDate with filter speed-profile
07-06 23:30:47.396 I/artd    ( 1575): /data/app/~~SbycL-3Ar5M0pHL8ROMOgg==/com.google.android.gms-CNoPZoaQToghVVf0NMGBzA==/oat/x86_64/base.odex is kOatUpToDate with filter speed-profile
07-06 23:30:57.402 I/artd    ( 1575): /data/app/~~SbycL-3Ar5M0pHL8ROMOgg==/com.google.android.gms-CNoPZoaQToghVVf0NMGBzA==/oat/x86_64/base.odex is kOatUpToDate with filter speed-profile
07-06 23:31:07.401 I/artd    ( 1575): /data/app/~~SbycL-3Ar5M0pHL8ROMOgg==/com.google.android.gms-CNoPZoaQToghVVf0NMGBzA==/oat/x86_64/base.odex is kOatUpToDate with filter speed-profile
07-06 23:31:17.406 I/artd    ( 1575): /data/app/~~SbycL-3Ar5M0pHL8ROMOgg==/com.google.android.gms-CNoPZoaQToghVVf0NMGBzA==/oat/x86_64/base.odex is kOatUpToDate with filter speed-profile
07-06 23:31:27.399 I/artd    ( 1575): /data/app/~~SbycL-3Ar5M0pHL8ROMOgg==/com.google.android.gms-CNoPZoaQToghVVf0NMGBzA==/oat/x86_64/base.odex is kOatUpToDate with filter speed-profile
07-06 23:31:37.419 I/artd    ( 1575): /data/app/~~SbycL-3Ar5M0pHL8ROMOgg==/com.google.android.gms-CNoPZoaQToghVVf0NMGBzA==/oat/x86_64/base.odex is kOatUpToDate with filter speed-profile
07-06 23:31:47.418 I/artd    ( 1575): /data/app/~~SbycL-3Ar5M0pHL8ROMOgg==/com.google.android.gms-CNoPZoaQToghVVf0NMGBzA==/oat/x86_64/base.odex is kOatUpToDate with filter speed-profile
07-06 23:31:57.408 I/artd    ( 1575): /data/app/~~SbycL-3Ar5M0pHL8ROMOgg==/com.google.android.gms-CNoPZoaQToghVVf0NMGBzA==/oat/x86_64/base.odex is kOatUpToDate with filter speed-profile
07-06 23:32:07.420 I/artd    ( 1575): /data/app/~~SbycL-3Ar5M0pHL8ROMOgg==/com.google.android.gms-CNoPZoaQToghVVf0NMGBzA==/oat/x86_64/base.odex is kOatUpToDate with filter speed-profile
07-06 23:32:17.424 I/artd    ( 1575): /data/app/~~SbycL-3Ar5M0pHL8ROMOgg==/com.google.android.gms-CNoPZoaQToghVVf0NMGBzA==/oat/x86_64/base.odex is kOatUpToDate with filter speed-profile
07-06 23:32:27.448 I/artd    ( 1575): /data/app/~~SbycL-3Ar5M0pHL8ROMOgg==/com.google.android.gms-CNoPZoaQToghVVf0NMGBzA==/oat/x86_64/base.odex is kOatUpToDate with filter speed-profile
07-06 23:32:37.462 I/artd    ( 1575): /data/app/~~SbycL-3Ar5M0pHL8ROMOgg==/com.google.android.gms-CNoPZoaQToghVVf0NMGBzA==/oat/x86_64/base.odex is kOatUpToDate with filter speed-profile
07-06 23:32:47.497 I/artd    ( 1575): /data/app/~~SbycL-3Ar5M0pHL8ROMOgg==/com.google.android.gms-CNoPZoaQToghVVf0NMGBzA==/oat/x86_64/base.odex is kOatUpToDate with filter speed-profile
07-06 23:32:57.485 I/artd    ( 1575): /data/app/~~SbycL-3Ar5M0pHL8ROMOgg==/com.google.android.gms-CNoPZoaQToghVVf0NMGBzA==/oat/x86_64/base.odex is kOatUpToDate with filter speed-profile
07-06 23:33:07.481 I/artd    ( 1575): /data/app/~~SbycL-3Ar5M0pHL8ROMOgg==/com.google.android.gms-CNoPZoaQToghVVf0NMGBzA==/oat/x86_64/base.odex is kOatUpToDate with filter speed-profile
07-06 23:33:17.508 I/artd    ( 1575): /data/app/~~SbycL-3Ar5M0pHL8ROMOgg==/com.google.android.gms-CNoPZoaQToghVVf0NMGBzA==/oat/x86_64/base.odex is kOatUpToDate with filter speed-profile
07-06 23:33:27.522 I/artd    ( 1575): /data/app/~~SbycL-3Ar5M0pHL8ROMOgg==/com.google.android.gms-CNoPZoaQToghVVf0NMGBzA==/oat/x86_64/base.odex is kOatUpToDate with filter speed-profile
07-06 23:33:37.513 I/artd    ( 1575): /data/app/~~SbycL-3Ar5M0pHL8ROMOgg==/com.google.android.gms-CNoPZoaQToghVVf0NMGBzA==/oat/x86_64/base.odex is kOatUpToDate with filter speed-profile
07-06 23:33:47.540 I/artd    ( 1575): /data/app/~~SbycL-3Ar5M0pHL8ROMOgg==/com.google.android.gms-CNoPZoaQToghVVf0NMGBzA==/oat/x86_64/base.odex is kOatUpToDate with filter speed-profile
07-06 23:33:57.648 I/artd    ( 1575): /data/app/~~SbycL-3Ar5M0pHL8ROMOgg==/com.google.android.gms-CNoPZoaQToghVVf0NMGBzA==/oat/x86_64/base.odex is kOatUpToDate with filter speed-profile
07-06 23:34:07.515 I/artd    ( 1575): /data/app/~~SbycL-3Ar5M0pHL8ROMOgg==/com.google.android.gms-CNoPZoaQToghVVf0NMGBzA==/oat/x86_64/base.odex is kOatUpToDate with filter speed-profile
07-06 23:34:17.547 I/artd    ( 1575): /data/app/~~SbycL-3Ar5M0pHL8ROMOgg==/com.google.android.gms-CNoPZoaQToghVVf0NMGBzA==/oat/x86_64/base.odex is kOatUpToDate with filter speed-profile
07-06 23:34:27.667 I/artd    ( 1575): /data/app/~~SbycL-3Ar5M0pHL8ROMOgg==/com.google.android.gms-CNoPZoaQToghVVf0NMGBzA==/oat/x86_64/base.odex is kOatUpToDate with filter speed-profile
07-06 23:34:37.624 I/artd    ( 1575): /data/app/~~SbycL-3Ar5M0pHL8ROMOgg==/com.google.android.gms-CNoPZoaQToghVVf0NMGBzA==/oat/x86_64/base.odex is kOatUpToDate with filter speed-profile
07-06 23:34:47.678 I/artd    ( 1575): /data/app/~~SbycL-3Ar5M0pHL8ROMOgg==/com.google.android.gms-CNoPZoaQToghVVf0NMGBzA==/oat/x86_64/base.odex is kOatUpToDate with filter speed-profile
07-06 23:34:57.714 I/artd    ( 1575): /data/app/~~SbycL-3Ar5M0pHL8ROMOgg==/com.google.android.gms-CNoPZoaQToghVVf0NMGBzA==/oat/x86_64/base.odex is kOatUpToDate with filter speed-profile
07-06 23:35:07.675 I/artd    ( 1575): /data/app/~~SbycL-3Ar5M0pHL8ROMOgg==/com.google.android.gms-CNoPZoaQToghVVf0NMGBzA==/oat/x86_64/base.odex is kOatUpToDate with filter speed-profile
07-06 23:35:17.597 I/artd    ( 1575): /data/app/~~SbycL-3Ar5M0pHL8ROMOgg==/com.google.android.gms-CNoPZoaQToghVVf0NMGBzA==/oat/x86_64/base.odex is kOatUpToDate with filter speed-profile
07-06 23:35:27.602 I/artd    ( 1575): /data/app/~~SbycL-3Ar5M0pHL8ROMOgg==/com.google.android.gms-CNoPZoaQToghVVf0NMGBzA==/oat/x86_64/base.odex is kOatUpToDate with filter speed-profile
07-06 23:35:37.644 I/artd    ( 1575): /data/app/~~SbycL-3Ar5M0pHL8ROMOgg==/com.google.android.gms-CNoPZoaQToghVVf0NMGBzA==/oat/x86_64/base.odex is kOatUpToDate with filter speed-profile
07-06 23:35:47.682 I/artd    ( 1575): /data/app/~~SbycL-3Ar5M0pHL8ROMOgg==/com.google.android.gms-CNoPZoaQToghVVf0NMGBzA==/oat/x86_64/base.odex is kOatUpToDate with filter speed-profile
07-06 23:35:57.583 I/artd    ( 1575): /data/app/~~SbycL-3Ar5M0pHL8ROMOgg==/com.google.android.gms-CNoPZoaQToghVVf0NMGBzA==/oat/x86_64/base.odex is kOatUpToDate with filter speed-profile
07-06 23:36:07.630 I/artd    ( 1575): /data/app/~~SbycL-3Ar5M0pHL8ROMOgg==/com.google.android.gms-CNoPZoaQToghVVf0NMGBzA==/oat/x86_64/base.odex is kOatUpToDate with filter speed-profile
07-06 23:36:17.613 I/artd    ( 1575): /data/app/~~SbycL-3Ar5M0pHL8ROMOgg==/com.google.android.gms-CNoPZoaQToghVVf0NMGBzA==/oat/x86_64/base.odex is kOatUpToDate with filter speed-profile
07-06 23:36:27.599 I/artd    ( 1575): /data/app/~~SbycL-3Ar5M0pHL8ROMOgg==/com.google.android.gms-CNoPZoaQToghVVf0NMGBzA==/oat/x86_64/base.odex is kOatUpToDate with filter speed-profile
07-06 23:36:37.727 I/artd    ( 1575): /data/app/~~SbycL-3Ar5M0pHL8ROMOgg==/com.google.android.gms-CNoPZoaQToghVVf0NMGBzA==/oat/x86_64/base.odex is kOatUpToDate with filter speed-profile
07-06 23:36:47.629 I/artd    ( 1575): /data/app/~~SbycL-3Ar5M0pHL8ROMOgg==/com.google.android.gms-CNoPZoaQToghVVf0NMGBzA==/oat/x86_64/base.odex is kOatUpToDate with filter speed-profile
07-06 23:36:57.657 I/artd    ( 1575): /data/app/~~SbycL-3Ar5M0pHL8ROMOgg==/com.google.android.gms-CNoPZoaQToghVVf0NMGBzA==/oat/x86_64/base.odex is kOatUpToDate with filter speed-profile
07-06 23:37:07.626 I/artd    ( 1575): /data/app/~~SbycL-3Ar5M0pHL8ROMOgg==/com.google.android.gms-CNoPZoaQToghVVf0NMGBzA==/oat/x86_64/base.odex is kOatUpToDate with filter speed-profile
07-06 23:37:17.629 I/artd    ( 1575): /data/app/~~SbycL-3Ar5M0pHL8ROMOgg==/com.google.android.gms-CNoPZoaQToghVVf0NMGBzA==/oat/x86_64/base.odex is kOatUpToDate with filter speed-profile
07-06 23:37:27.596 I/artd    ( 1575): /data/app/~~SbycL-3Ar5M0pHL8ROMOgg==/com.google.android.gms-CNoPZoaQToghVVf0NMGBzA==/oat/x86_64/base.odex is kOatUpToDate with filter speed-profile
07-06 23:37:37.625 I/artd    ( 1575): /data/app/~~SbycL-3Ar5M0pHL8ROMOgg==/com.google.android.gms-CNoPZoaQToghVVf0NMGBzA==/oat/x86_64/base.odex is kOatUpToDate with filter speed-profile
07-06 23:37:47.637 I/artd    ( 1575): /data/app/~~SbycL-3Ar5M0pHL8ROMOgg==/com.google.android.gms-CNoPZoaQToghVVf0NMGBzA==/oat/x86_64/base.odex is kOatUpToDate with filter speed-profile
07-06 23:37:57.698 I/artd    ( 1575): /data/app/~~SbycL-3Ar5M0pHL8ROMOgg==/com.google.android.gms-CNoPZoaQToghVVf0NMGBzA==/oat/x86_64/base.odex is kOatUpToDate with filter speed-profile
07-06 23:38:07.614 I/artd    ( 1575): /data/app/~~SbycL-3Ar5M0pHL8ROMOgg==/com.google.android.gms-CNoPZoaQToghVVf0NMGBzA==/oat/x86_64/base.odex is kOatUpToDate with filter speed-profile
07-06 23:38:17.638 I/artd    ( 1575): /data/app/~~SbycL-3Ar5M0pHL8ROMOgg==/com.google.android.gms-CNoPZoaQToghVVf0NMGBzA==/oat/x86_64/base.odex is kOatUpToDate with filter speed-profile
07-06 23:38:27.736 I/artd    ( 1575): /data/app/~~SbycL-3Ar5M0pHL8ROMOgg==/com.google.android.gms-CNoPZoaQToghVVf0NMGBzA==/oat/x86_64/base.odex is kOatUpToDate with filter speed-profile
07-06 23:38:37.650 I/artd    ( 1575): /data/app/~~SbycL-3Ar5M0pHL8ROMOgg==/com.google.android.gms-CNoPZoaQToghVVf0NMGBzA==/oat/x86_64/base.odex is kOatUpToDate with filter speed-profile
07-06 23:38:47.669 I/artd    ( 1575): /data/app/~~SbycL-3Ar5M0pHL8ROMOgg==/com.google.android.gms-CNoPZoaQToghVVf0NMGBzA==/oat/x86_64/base.odex is kOatUpToDate with filter speed-profile
07-06 23:38:57.676 I/artd    ( 1575): /data/app/~~SbycL-3Ar5M0pHL8ROMOgg==/com.google.android.gms-CNoPZoaQToghVVf0NMGBzA==/oat/x86_64/base.odex is kOatUpToDate with filter speed-profile
07-06 23:39:07.697 I/artd    ( 1575): /data/app/~~SbycL-3Ar5M0pHL8ROMOgg==/com.google.android.gms-CNoPZoaQToghVVf0NMGBzA==/oat/x86_64/base.odex is kOatUpToDate with filter speed-profile
07-06 23:39:17.687 I/artd    ( 1575): /data/app/~~SbycL-3Ar5M0pHL8ROMOgg==/com.google.android.gms-CNoPZoaQToghVVf0NMGBzA==/oat/x86_64/base.odex is kOatUpToDate with filter speed-profile
07-06 23:39:27.699 I/artd    ( 1575): /data/app/~~SbycL-3Ar5M0pHL8ROMOgg==/com.google.android.gms-CNoPZoaQToghVVf0NMGBzA==/oat/x86_64/base.odex is kOatUpToDate with filter speed-profile
07-06 23:39:37.702 I/artd    ( 1575): /data/app/~~SbycL-3Ar5M0pHL8ROMOgg==/com.google.android.gms-CNoPZoaQToghVVf0NMGBzA==/oat/x86_64/base.odex is kOatUpToDate with filter speed-profile
07-06 23:39:47.698 I/artd    ( 1575): /data/app/~~SbycL-3Ar5M0pHL8ROMOgg==/com.google.android.gms-CNoPZoaQToghVVf0NMGBzA==/oat/x86_64/base.odex is kOatUpToDate with filter speed-profile
07-06 23:39:57.718 I/artd    ( 1575): /data/app/~~SbycL-3Ar5M0pHL8ROMOgg==/com.google.android.gms-CNoPZoaQToghVVf0NMGBzA==/oat/x86_64/base.odex is kOatUpToDate with filter speed-profile
07-06 23:40:07.722 I/artd    ( 1575): /data/app/~~SbycL-3Ar5M0pHL8ROMOgg==/com.google.android.gms-CNoPZoaQToghVVf0NMGBzA==/oat/x86_64/base.odex is kOatUpToDate with filter speed-profile
07-06 23:40:17.566 W/ogle.android.as( 1401): ApkAssets: Deleting an ApkAssets object '<empty> and /data/app/~~m54gq0i144FEQY7gV2A0MQ==/com.ecorecover.app-D07_mqbMc8tMw1WpWZv3vQ==/base.apk' with 1 weak references
07-06 23:40:17.730 I/artd    ( 1575): /data/app/~~SbycL-3Ar5M0pHL8ROMOgg==/com.google.android.gms-CNoPZoaQToghVVf0NMGBzA==/oat/x86_64/base.odex is kOatUpToDate with filter speed-profile
07-06 23:40:27.709 I/artd    ( 1575): /data/app/~~SbycL-3Ar5M0pHL8ROMOgg==/com.google.android.gms-CNoPZoaQToghVVf0NMGBzA==/oat/x86_64/base.odex is kOatUpToDate with filter speed-profile
07-06 23:40:37.788 I/artd    ( 1575): /data/app/~~SbycL-3Ar5M0pHL8ROMOgg==/com.google.android.gms-CNoPZoaQToghVVf0NMGBzA==/oat/x86_64/base.odex is kOatUpToDate with filter speed-profile
07-06 23:40:47.725 I/artd    ( 1575): /data/app/~~SbycL-3Ar5M0pHL8ROMOgg==/com.google.android.gms-CNoPZoaQToghVVf0NMGBzA==/oat/x86_64/base.odex is kOatUpToDate with filter speed-profile
07-06 23:40:57.721 I/artd    ( 1575): /data/app/~~SbycL-3Ar5M0pHL8ROMOgg==/com.google.android.gms-CNoPZoaQToghVVf0NMGBzA==/oat/x86_64/base.odex is kOatUpToDate with filter speed-profile
07-06 23:41:07.724 I/artd    ( 1575): /data/app/~~SbycL-3Ar5M0pHL8ROMOgg==/com.google.android.gms-CNoPZoaQToghVVf0NMGBzA==/oat/x86_64/base.odex is kOatUpToDate with filter speed-profile
07-06 23:41:16.512 E/MediaControllerCompat( 5151): 	at android.media.session.MediaSessionManager$SessionsChangedWrapper.callOnActiveSessionsChangedListener(MediaSessionManager.java:1292)
07-06 23:41:16.512 E/MediaControllerCompat( 5151): 	at android.media.session.MediaSessionManager$SessionsChangedWrapper.-$$Nest$mcallOnActiveSessionsChangedListener(Unknown Source:0)
07-06 23:41:16.512 E/MediaControllerCompat( 5151): 	at android.media.session.MediaSessionManager$SessionsChangedWrapper$1.lambda$onActiveSessionsChanged$0(MediaSessionManager.java:1277)
07-06 23:41:16.512 E/MediaControllerCompat( 5151): 	at android.media.session.MediaSessionManager$SessionsChangedWrapper$1.$r8$lambda$v-zQmMXFQ9fkWva-bGATn7CMvwg(Unknown Source:0)
07-06 23:41:16.512 E/MediaControllerCompat( 5151): 	at android.media.session.MediaSessionManager$SessionsChangedWrapper$1$$ExternalSyntheticLambda0.run(D8$$SyntheticClass:0)
07-06 23:41:17.772 I/artd    ( 1575): /data/app/~~SbycL-3Ar5M0pHL8ROMOgg==/com.google.android.gms-CNoPZoaQToghVVf0NMGBzA==/oat/x86_64/base.odex is kOatUpToDate with filter speed-profile
07-06 23:41:18.547 W/ndroid.systemui(  860): ApkAssets: Deleting an ApkAssets object '<empty> and /data/app/~~m54gq0i144FEQY7gV2A0MQ==/com.ecorecover.app-D07_mqbMc8tMw1WpWZv3vQ==/base.apk' with 1 weak references
07-06 23:41:25.234 D/BoundBrokerSvc( 1531): onBind: Intent { act=com.google.android.gms.languageprofile.service.START pkg=com.google.android.gms }
07-06 23:41:25.234 D/BoundBrokerSvc( 1531): Loading bound service for intent: Intent { act=com.google.android.gms.languageprofile.service.START pkg=com.google.android.gms }
07-06 23:41:27.978 I/artd    ( 1575): /data/app/~~SbycL-3Ar5M0pHL8ROMOgg==/com.google.android.gms-CNoPZoaQToghVVf0NMGBzA==/oat/x86_64/base.odex is kOatUpToDate with filter speed-profile
07-06 23:41:37.783 I/artd    ( 1575): /data/app/~~SbycL-3Ar5M0pHL8ROMOgg==/com.google.android.gms-CNoPZoaQToghVVf0NMGBzA==/oat/x86_64/base.odex is kOatUpToDate with filter speed-profile
07-06 23:41:40.428 D/BoundBrokerSvc( 1531): onUnbind: Intent { act=com.google.android.gms.languageprofile.service.START pkg=com.google.android.gms }
07-06 23:41:47.749 I/artd    ( 1575): /data/app/~~SbycL-3Ar5M0pHL8ROMOgg==/com.google.android.gms-CNoPZoaQToghVVf0NMGBzA==/oat/x86_64/base.odex is kOatUpToDate with filter speed-profile
07-06 23:41:57.770 I/artd    ( 1575): /data/app/~~SbycL-3Ar5M0pHL8ROMOgg==/com.google.android.gms-CNoPZoaQToghVVf0NMGBzA==/oat/x86_64/base.odex is kOatUpToDate with filter speed-profile
07-06 23:42:07.802 I/artd    ( 1575): /data/app/~~SbycL-3Ar5M0pHL8ROMOgg==/com.google.android.gms-CNoPZoaQToghVVf0NMGBzA==/oat/x86_64/base.odex is kOatUpToDate with filter speed-profile
07-06 23:42:17.767 I/artd    ( 1575): /data/app/~~SbycL-3Ar5M0pHL8ROMOgg==/com.google.android.gms-CNoPZoaQToghVVf0NMGBzA==/oat/x86_64/base.odex is kOatUpToDate with filter speed-profile
07-06 23:42:27.789 I/artd    ( 1575): /data/app/~~SbycL-3Ar5M0pHL8ROMOgg==/com.google.android.gms-CNoPZoaQToghVVf0NMGBzA==/oat/x86_64/base.odex is kOatUpToDate with filter speed-profile
07-06 23:42:37.854 I/artd    ( 1575): /data/app/~~SbycL-3Ar5M0pHL8ROMOgg==/com.google.android.gms-CNoPZoaQToghVVf0NMGBzA==/oat/x86_64/base.odex is kOatUpToDate with filter speed-profile
07-06 23:42:47.876 I/artd    ( 1575): /data/app/~~SbycL-3Ar5M0pHL8ROMOgg==/com.google.android.gms-CNoPZoaQToghVVf0NMGBzA==/oat/x86_64/base.odex is kOatUpToDate with filter speed-profile
07-06 23:42:57.792 I/artd    ( 1575): /data/app/~~SbycL-3Ar5M0pHL8ROMOgg==/com.google.android.gms-CNoPZoaQToghVVf0NMGBzA==/oat/x86_64/base.odex is kOatUpToDate with filter speed-profile
07-06 23:43:07.869 I/artd    ( 1575): /data/app/~~SbycL-3Ar5M0pHL8ROMOgg==/com.google.android.gms-CNoPZoaQToghVVf0NMGBzA==/oat/x86_64/base.odex is kOatUpToDate with filter speed-profile
07-06 23:43:17.824 I/artd    ( 1575): /data/app/~~SbycL-3Ar5M0pHL8ROMOgg==/com.google.android.gms-CNoPZoaQToghVVf0NMGBzA==/oat/x86_64/base.odex is kOatUpToDate with filter speed-profile
07-06 23:43:27.978 I/artd    ( 1575): /data/app/~~SbycL-3Ar5M0pHL8ROMOgg==/com.google.android.gms-CNoPZoaQToghVVf0NMGBzA==/oat/x86_64/base.odex is kOatUpToDate with filter speed-profile
07-06 23:43:37.807 I/artd    ( 1575): /data/app/~~SbycL-3Ar5M0pHL8ROMOgg==/com.google.android.gms-CNoPZoaQToghVVf0NMGBzA==/oat/x86_64/base.odex is kOatUpToDate with filter speed-profile
07-06 23:43:47.813 I/artd    ( 1575): /data/app/~~SbycL-3Ar5M0pHL8ROMOgg==/com.google.android.gms-CNoPZoaQToghVVf0NMGBzA==/oat/x86_64/base.odex is kOatUpToDate with filter speed-profile
07-06 23:43:58.069 I/artd    ( 1575): /data/app/~~SbycL-3Ar5M0pHL8ROMOgg==/com.google.android.gms-CNoPZoaQToghVVf0NMGBzA==/oat/x86_64/base.odex is kOatUpToDate with filter speed-profile
07-06 23:44:07.862 I/artd    ( 1575): /data/app/~~SbycL-3Ar5M0pHL8ROMOgg==/com.google.android.gms-CNoPZoaQToghVVf0NMGBzA==/oat/x86_64/base.odex is kOatUpToDate with filter speed-profile
07-06 23:44:17.951 I/artd    ( 1575): /data/app/~~SbycL-3Ar5M0pHL8ROMOgg==/com.google.android.gms-CNoPZoaQToghVVf0NMGBzA==/oat/x86_64/base.odex is kOatUpToDate with filter speed-profile
07-06 23:44:28.100 I/artd    ( 1575): /data/app/~~SbycL-3Ar5M0pHL8ROMOgg==/com.google.android.gms-CNoPZoaQToghVVf0NMGBzA==/oat/x86_64/base.odex is kOatUpToDate with filter speed-profile
07-06 23:44:37.953 I/artd    ( 1575): /data/app/~~SbycL-3Ar5M0pHL8ROMOgg==/com.google.android.gms-CNoPZoaQToghVVf0NMGBzA==/oat/x86_64/base.odex is kOatUpToDate with filter speed-profile
07-06 23:44:47.829 I/artd    ( 1575): /data/app/~~SbycL-3Ar5M0pHL8ROMOgg==/com.google.android.gms-CNoPZoaQToghVVf0NMGBzA==/oat/x86_64/base.odex is kOatUpToDate with filter speed-profile
07-06 23:44:57.821 I/artd    ( 1575): /data/app/~~SbycL-3Ar5M0pHL8ROMOgg==/com.google.android.gms-CNoPZoaQToghVVf0NMGBzA==/oat/x86_64/base.odex is kOatUpToDate with filter speed-profile
07-06 23:45:07.810 I/artd    ( 1575): /data/app/~~SbycL-3Ar5M0pHL8ROMOgg==/com.google.android.gms-CNoPZoaQToghVVf0NMGBzA==/oat/x86_64/base.odex is kOatUpToDate with filter speed-profile
07-06 23:45:17.807 I/artd    ( 1575): /data/app/~~SbycL-3Ar5M0pHL8ROMOgg==/com.google.android.gms-CNoPZoaQToghVVf0NMGBzA==/oat/x86_64/base.odex is kOatUpToDate with filter speed-profile
07-06 23:45:27.822 I/artd    ( 1575): /data/app/~~SbycL-3Ar5M0pHL8ROMOgg==/com.google.android.gms-CNoPZoaQToghVVf0NMGBzA==/oat/x86_64/base.odex is kOatUpToDate with filter speed-profile
07-06 23:45:38.017 I/artd    ( 1575): /data/app/~~SbycL-3Ar5M0pHL8ROMOgg==/com.google.android.gms-CNoPZoaQToghVVf0NMGBzA==/oat/x86_64/base.odex is kOatUpToDate with filter speed-profile
07-06 23:45:48.192 I/artd    ( 1575): /data/app/~~SbycL-3Ar5M0pHL8ROMOgg==/com.google.android.gms-CNoPZoaQToghVVf0NMGBzA==/oat/x86_64/base.odex is kOatUpToDate with filter speed-profile
07-06 23:45:57.984 I/artd    ( 1575): /data/app/~~SbycL-3Ar5M0pHL8ROMOgg==/com.google.android.gms-CNoPZoaQToghVVf0NMGBzA==/oat/x86_64/base.odex is kOatUpToDate with filter speed-profile
07-06 23:46:05.241 I/id.gms.unstable( 3106): Waiting for a blocking GC ProfileSaver
07-06 23:46:05.595 I/id.gms.unstable( 3106): WaitForGcToComplete blocked ProfileSaver on Explicit for 358.746ms
07-06 23:46:06.288 W/gle.android.gms( 1531): ApkAssets: Deleting an ApkAssets object '<empty> and /data/app/~~m54gq0i144FEQY7gV2A0MQ==/com.ecorecover.app-D07_mqbMc8tMw1WpWZv3vQ==/base.apk' with 1 weak references
07-06 23:46:07.865 I/artd    ( 1575): /data/app/~~SbycL-3Ar5M0pHL8ROMOgg==/com.google.android.gms-CNoPZoaQToghVVf0NMGBzA==/oat/x86_64/base.odex is kOatUpToDate with filter speed-profile
07-06 23:46:17.958 I/artd    ( 1575): /data/app/~~SbycL-3Ar5M0pHL8ROMOgg==/com.google.android.gms-CNoPZoaQToghVVf0NMGBzA==/oat/x86_64/base.odex is kOatUpToDate with filter speed-profile
07-06 23:46:27.926 I/artd    ( 1575): /data/app/~~SbycL-3Ar5M0pHL8ROMOgg==/com.google.android.gms-CNoPZoaQToghVVf0NMGBzA==/oat/x86_64/base.odex is kOatUpToDate with filter speed-profile
07-06 23:46:37.808 I/artd    ( 1575): /data/app/~~SbycL-3Ar5M0pHL8ROMOgg==/com.google.android.gms-CNoPZoaQToghVVf0NMGBzA==/oat/x86_64/base.odex is kOatUpToDate with filter speed-profile
07-06 23:46:47.826 I/artd    ( 1575): /data/app/~~SbycL-3Ar5M0pHL8ROMOgg==/com.google.android.gms-CNoPZoaQToghVVf0NMGBzA==/oat/x86_64/base.odex is kOatUpToDate with filter speed-profile
07-06 23:46:57.880 I/artd    ( 1575): /data/app/~~SbycL-3Ar5M0pHL8ROMOgg==/com.google.android.gms-CNoPZoaQToghVVf0NMGBzA==/oat/x86_64/base.odex is kOatUpToDate with filter speed-profile
07-06 23:47:07.859 I/artd    ( 1575): /data/app/~~SbycL-3Ar5M0pHL8ROMOgg==/com.google.android.gms-CNoPZoaQToghVVf0NMGBzA==/oat/x86_64/base.odex is kOatUpToDate with filter speed-profile
07-06 23:47:17.881 I/artd    ( 1575): /data/app/~~SbycL-3Ar5M0pHL8ROMOgg==/com.google.android.gms-CNoPZoaQToghVVf0NMGBzA==/oat/x86_64/base.odex is kOatUpToDate with filter speed-profile
07-06 23:47:27.874 I/artd    ( 1575): /data/app/~~SbycL-3Ar5M0pHL8ROMOgg==/com.google.android.gms-CNoPZoaQToghVVf0NMGBzA==/oat/x86_64/base.odex is kOatUpToDate with filter speed-profile
07-06 23:47:37.906 I/artd    ( 1575): /data/app/~~SbycL-3Ar5M0pHL8ROMOgg==/com.google.android.gms-CNoPZoaQToghVVf0NMGBzA==/oat/x86_64/base.odex is kOatUpToDate with filter speed-profile
07-06 23:47:47.919 I/artd    ( 1575): /data/app/~~SbycL-3Ar5M0pHL8ROMOgg==/com.google.android.gms-CNoPZoaQToghVVf0NMGBzA==/oat/x86_64/base.odex is kOatUpToDate with filter speed-profile
07-06 23:47:57.946 I/artd    ( 1575): /data/app/~~SbycL-3Ar5M0pHL8ROMOgg==/com.google.android.gms-CNoPZoaQToghVVf0NMGBzA==/oat/x86_64/base.odex is kOatUpToDate with filter speed-profile
07-06 23:48:07.906 I/artd    ( 1575): /data/app/~~SbycL-3Ar5M0pHL8ROMOgg==/com.google.android.gms-CNoPZoaQToghVVf0NMGBzA==/oat/x86_64/base.odex is kOatUpToDate with filter speed-profile
07-06 23:48:17.934 I/artd    ( 1575): /data/app/~~SbycL-3Ar5M0pHL8ROMOgg==/com.google.android.gms-CNoPZoaQToghVVf0NMGBzA==/oat/x86_64/base.odex is kOatUpToDate with filter speed-profile
07-06 23:48:27.942 I/artd    ( 1575): /data/app/~~SbycL-3Ar5M0pHL8ROMOgg==/com.google.android.gms-CNoPZoaQToghVVf0NMGBzA==/oat/x86_64/base.odex is kOatUpToDate with filter speed-profile
07-06 23:48:37.947 I/artd    ( 1575): /data/app/~~SbycL-3Ar5M0pHL8ROMOgg==/com.google.android.gms-CNoPZoaQToghVVf0NMGBzA==/oat/x86_64/base.odex is kOatUpToDate with filter speed-profile
07-06 23:48:47.969 I/artd    ( 1575): /data/app/~~SbycL-3Ar5M0pHL8ROMOgg==/com.google.android.gms-CNoPZoaQToghVVf0NMGBzA==/oat/x86_64/base.odex is kOatUpToDate with filter speed-profile
07-06 23:48:57.981 I/artd    ( 1575): /data/app/~~SbycL-3Ar5M0pHL8ROMOgg==/com.google.android.gms-CNoPZoaQToghVVf0NMGBzA==/oat/x86_64/base.odex is kOatUpToDate with filter speed-profile
07-06 23:49:07.965 I/artd    ( 1575): /data/app/~~SbycL-3Ar5M0pHL8ROMOgg==/com.google.android.gms-CNoPZoaQToghVVf0NMGBzA==/oat/x86_64/base.odex is kOatUpToDate with filter speed-profile
07-06 23:49:17.987 I/artd    ( 1575): /data/app/~~SbycL-3Ar5M0pHL8ROMOgg==/com.google.android.gms-CNoPZoaQToghVVf0NMGBzA==/oat/x86_64/base.odex is kOatUpToDate with filter speed-profile
07-06 23:49:28.023 I/artd    ( 1575): /data/app/~~SbycL-3Ar5M0pHL8ROMOgg==/com.google.android.gms-CNoPZoaQToghVVf0NMGBzA==/oat/x86_64/base.odex is kOatUpToDate with filter speed-profile
07-06 23:49:38.158 I/artd    ( 1575): /data/app/~~SbycL-3Ar5M0pHL8ROMOgg==/com.google.android.gms-CNoPZoaQToghVVf0NMGBzA==/oat/x86_64/base.odex is kOatUpToDate with filter speed-profile
07-06 23:49:48.013 I/artd    ( 1575): /data/app/~~SbycL-3Ar5M0pHL8ROMOgg==/com.google.android.gms-CNoPZoaQToghVVf0NMGBzA==/oat/x86_64/base.odex is kOatUpToDate with filter speed-profile
07-06 23:49:58.062 I/artd    ( 1575): /data/app/~~SbycL-3Ar5M0pHL8ROMOgg==/com.google.android.gms-CNoPZoaQToghVVf0NMGBzA==/oat/x86_64/base.odex is kOatUpToDate with filter speed-profile
07-06 23:50:07.996 I/artd    ( 1575): /data/app/~~SbycL-3Ar5M0pHL8ROMOgg==/com.google.android.gms-CNoPZoaQToghVVf0NMGBzA==/oat/x86_64/base.odex is kOatUpToDate with filter speed-profile
07-06 23:50:17.979 I/artd    ( 1575): /data/app/~~SbycL-3Ar5M0pHL8ROMOgg==/com.google.android.gms-CNoPZoaQToghVVf0NMGBzA==/oat/x86_64/base.odex is kOatUpToDate with filter speed-profile
07-06 23:50:28.004 I/artd    ( 1575): /data/app/~~SbycL-3Ar5M0pHL8ROMOgg==/com.google.android.gms-CNoPZoaQToghVVf0NMGBzA==/oat/x86_64/base.odex is kOatUpToDate with filter speed-profile
